<?xml version="1.0"?>
<link_info>
   <banner>TI ARM Linker PC v5.2.4</banner>
   <copyright>Copyright (c) 1996-2015 Texas Instruments Incorporated</copyright>
   <link_time>0x5586c309</link_time>
   <link_errors>0x0</link_errors>
   <output_file>Printf_UART_MSP432_CCS.out</output_file>
   <entry_point>
      <name>_c_int00</name>
      <address>0x332d</address>
   </entry_point>
   <input_file_list>
      <input_file id="fl-2">
         <path>.\</path>
         <kind>object</kind>
         <file>UART.obj</file>
         <name>UART.obj</name>
      </input_file>
      <input_file id="fl-3">
         <path>.\</path>
         <kind>object</kind>
         <file>main.obj</file>
         <name>main.obj</name>
      </input_file>
      <input_file id="fl-4">
         <path>.\</path>
         <kind>object</kind>
         <file>msp432_startup_ccs.obj</file>
         <name>msp432_startup_ccs.obj</name>
      </input_file>
      <input_file id="fl-12a">
         <path>C:\ti\ccsv6\tools\compiler\ti-cgt-arm_5.2.4\lib\</path>
         <kind>archive</kind>
         <file>rtsv7M4_T_le_v4SPD16_eabi.lib</file>
         <name>boot.obj</name>
      </input_file>
      <input_file id="fl-12b">
         <path>C:\ti\ccsv6\tools\compiler\ti-cgt-arm_5.2.4\lib\</path>
         <kind>archive</kind>
         <file>rtsv7M4_T_le_v4SPD16_eabi.lib</file>
         <name>copy_decompress_none.obj</name>
      </input_file>
      <input_file id="fl-12c">
         <path>C:\ti\ccsv6\tools\compiler\ti-cgt-arm_5.2.4\lib\</path>
         <kind>archive</kind>
         <file>rtsv7M4_T_le_v4SPD16_eabi.lib</file>
         <name>copy_decompress_rle.obj</name>
      </input_file>
      <input_file id="fl-12d">
         <path>C:\ti\ccsv6\tools\compiler\ti-cgt-arm_5.2.4\lib\</path>
         <kind>archive</kind>
         <file>rtsv7M4_T_le_v4SPD16_eabi.lib</file>
         <name>copy_zero_init.obj</name>
      </input_file>
      <input_file id="fl-12e">
         <path>C:\ti\ccsv6\tools\compiler\ti-cgt-arm_5.2.4\lib\</path>
         <kind>archive</kind>
         <file>rtsv7M4_T_le_v4SPD16_eabi.lib</file>
         <name>defs.obj</name>
      </input_file>
      <input_file id="fl-12f">
         <path>C:\ti\ccsv6\tools\compiler\ti-cgt-arm_5.2.4\lib\</path>
         <kind>archive</kind>
         <file>rtsv7M4_T_le_v4SPD16_eabi.lib</file>
         <name>exit.obj</name>
      </input_file>
      <input_file id="fl-130">
         <path>C:\ti\ccsv6\tools\compiler\ti-cgt-arm_5.2.4\lib\</path>
         <kind>archive</kind>
         <file>rtsv7M4_T_le_v4SPD16_eabi.lib</file>
         <name>fopen.obj</name>
      </input_file>
      <input_file id="fl-131">
         <path>C:\ti\ccsv6\tools\compiler\ti-cgt-arm_5.2.4\lib\</path>
         <kind>archive</kind>
         <file>rtsv7M4_T_le_v4SPD16_eabi.lib</file>
         <name>fs_tod_t2.obj</name>
      </input_file>
      <input_file id="fl-132">
         <path>C:\ti\ccsv6\tools\compiler\ti-cgt-arm_5.2.4\lib\</path>
         <kind>archive</kind>
         <file>rtsv7M4_T_le_v4SPD16_eabi.lib</file>
         <name>lowlev.obj</name>
      </input_file>
      <input_file id="fl-133">
         <path>C:\ti\ccsv6\tools\compiler\ti-cgt-arm_5.2.4\lib\</path>
         <kind>archive</kind>
         <file>rtsv7M4_T_le_v4SPD16_eabi.lib</file>
         <name>memcpy_t2.obj</name>
      </input_file>
      <input_file id="fl-134">
         <path>C:\ti\ccsv6\tools\compiler\ti-cgt-arm_5.2.4\lib\</path>
         <kind>archive</kind>
         <file>rtsv7M4_T_le_v4SPD16_eabi.lib</file>
         <name>memset_t2.obj</name>
      </input_file>
      <input_file id="fl-135">
         <path>C:\ti\ccsv6\tools\compiler\ti-cgt-arm_5.2.4\lib\</path>
         <kind>archive</kind>
         <file>rtsv7M4_T_le_v4SPD16_eabi.lib</file>
         <name>pre_init.obj</name>
      </input_file>
      <input_file id="fl-136">
         <path>C:\ti\ccsv6\tools\compiler\ti-cgt-arm_5.2.4\lib\</path>
         <kind>archive</kind>
         <file>rtsv7M4_T_le_v4SPD16_eabi.lib</file>
         <name>printf.obj</name>
      </input_file>
      <input_file id="fl-137">
         <path>C:\ti\ccsv6\tools\compiler\ti-cgt-arm_5.2.4\lib\</path>
         <kind>archive</kind>
         <file>rtsv7M4_T_le_v4SPD16_eabi.lib</file>
         <name>setvbuf.obj</name>
      </input_file>
      <input_file id="fl-138">
         <path>C:\ti\ccsv6\tools\compiler\ti-cgt-arm_5.2.4\lib\</path>
         <kind>archive</kind>
         <file>rtsv7M4_T_le_v4SPD16_eabi.lib</file>
         <name>stkdepth_vars.obj</name>
      </input_file>
      <input_file id="fl-139">
         <path>C:\ti\ccsv6\tools\compiler\ti-cgt-arm_5.2.4\lib\</path>
         <kind>archive</kind>
         <file>rtsv7M4_T_le_v4SPD16_eabi.lib</file>
         <name>strchr.obj</name>
      </input_file>
      <input_file id="fl-13a">
         <path>C:\ti\ccsv6\tools\compiler\ti-cgt-arm_5.2.4\lib\</path>
         <kind>archive</kind>
         <file>rtsv7M4_T_le_v4SPD16_eabi.lib</file>
         <name>strcmp.obj</name>
      </input_file>
      <input_file id="fl-13b">
         <path>C:\ti\ccsv6\tools\compiler\ti-cgt-arm_5.2.4\lib\</path>
         <kind>archive</kind>
         <file>rtsv7M4_T_le_v4SPD16_eabi.lib</file>
         <name>strncpy.obj</name>
      </input_file>
      <input_file id="fl-13c">
         <path>C:\ti\ccsv6\tools\compiler\ti-cgt-arm_5.2.4\lib\</path>
         <kind>archive</kind>
         <file>rtsv7M4_T_le_v4SPD16_eabi.lib</file>
         <name>trgdrv.obj</name>
      </input_file>
      <input_file id="fl-13d">
         <path>C:\ti\ccsv6\tools\compiler\ti-cgt-arm_5.2.4\lib\</path>
         <kind>archive</kind>
         <file>rtsv7M4_T_le_v4SPD16_eabi.lib</file>
         <name>trgmsg.obj</name>
      </input_file>
      <input_file id="fl-13e">
         <path>C:\ti\ccsv6\tools\compiler\ti-cgt-arm_5.2.4\lib\</path>
         <kind>archive</kind>
         <file>rtsv7M4_T_le_v4SPD16_eabi.lib</file>
         <name>_lock.obj</name>
      </input_file>
      <input_file id="fl-13f">
         <path>C:\ti\ccsv6\tools\compiler\ti-cgt-arm_5.2.4\lib\</path>
         <kind>archive</kind>
         <file>rtsv7M4_T_le_v4SPD16_eabi.lib</file>
         <name>_printfi.obj</name>
      </input_file>
      <input_file id="fl-140">
         <path>C:\ti\ccsv6\tools\compiler\ti-cgt-arm_5.2.4\lib\</path>
         <kind>archive</kind>
         <file>rtsv7M4_T_le_v4SPD16_eabi.lib</file>
         <name>args_main.obj</name>
      </input_file>
      <input_file id="fl-141">
         <path>C:\ti\ccsv6\tools\compiler\ti-cgt-arm_5.2.4\lib\</path>
         <kind>archive</kind>
         <file>rtsv7M4_T_le_v4SPD16_eabi.lib</file>
         <name>atoi.obj</name>
      </input_file>
      <input_file id="fl-142">
         <path>C:\ti\ccsv6\tools\compiler\ti-cgt-arm_5.2.4\lib\</path>
         <kind>archive</kind>
         <file>rtsv7M4_T_le_v4SPD16_eabi.lib</file>
         <name>autoinit.obj</name>
      </input_file>
      <input_file id="fl-143">
         <path>C:\ti\ccsv6\tools\compiler\ti-cgt-arm_5.2.4\lib\</path>
         <kind>archive</kind>
         <file>rtsv7M4_T_le_v4SPD16_eabi.lib</file>
         <name>cpy_tbl.obj</name>
      </input_file>
      <input_file id="fl-144">
         <path>C:\ti\ccsv6\tools\compiler\ti-cgt-arm_5.2.4\lib\</path>
         <kind>archive</kind>
         <file>rtsv7M4_T_le_v4SPD16_eabi.lib</file>
         <name>ctype.obj</name>
      </input_file>
      <input_file id="fl-145">
         <path>C:\ti\ccsv6\tools\compiler\ti-cgt-arm_5.2.4\lib\</path>
         <kind>archive</kind>
         <file>rtsv7M4_T_le_v4SPD16_eabi.lib</file>
         <name>fclose.obj</name>
      </input_file>
      <input_file id="fl-146">
         <path>C:\ti\ccsv6\tools\compiler\ti-cgt-arm_5.2.4\lib\</path>
         <kind>archive</kind>
         <file>rtsv7M4_T_le_v4SPD16_eabi.lib</file>
         <name>fd_add_t2.obj</name>
      </input_file>
      <input_file id="fl-147">
         <path>C:\ti\ccsv6\tools\compiler\ti-cgt-arm_5.2.4\lib\</path>
         <kind>archive</kind>
         <file>rtsv7M4_T_le_v4SPD16_eabi.lib</file>
         <name>fd_cmp_t2.obj</name>
      </input_file>
      <input_file id="fl-148">
         <path>C:\ti\ccsv6\tools\compiler\ti-cgt-arm_5.2.4\lib\</path>
         <kind>archive</kind>
         <file>rtsv7M4_T_le_v4SPD16_eabi.lib</file>
         <name>fd_div_t2.obj</name>
      </input_file>
      <input_file id="fl-149">
         <path>C:\ti\ccsv6\tools\compiler\ti-cgt-arm_5.2.4\lib\</path>
         <kind>archive</kind>
         <file>rtsv7M4_T_le_v4SPD16_eabi.lib</file>
         <name>fd_mul_t2.obj</name>
      </input_file>
      <input_file id="fl-14a">
         <path>C:\ti\ccsv6\tools\compiler\ti-cgt-arm_5.2.4\lib\</path>
         <kind>archive</kind>
         <file>rtsv7M4_T_le_v4SPD16_eabi.lib</file>
         <name>fd_toi_t2.obj</name>
      </input_file>
      <input_file id="fl-14b">
         <path>C:\ti\ccsv6\tools\compiler\ti-cgt-arm_5.2.4\lib\</path>
         <kind>archive</kind>
         <file>rtsv7M4_T_le_v4SPD16_eabi.lib</file>
         <name>fflush.obj</name>
      </input_file>
      <input_file id="fl-14c">
         <path>C:\ti\ccsv6\tools\compiler\ti-cgt-arm_5.2.4\lib\</path>
         <kind>archive</kind>
         <file>rtsv7M4_T_le_v4SPD16_eabi.lib</file>
         <name>fputc.obj</name>
      </input_file>
      <input_file id="fl-14d">
         <path>C:\ti\ccsv6\tools\compiler\ti-cgt-arm_5.2.4\lib\</path>
         <kind>archive</kind>
         <file>rtsv7M4_T_le_v4SPD16_eabi.lib</file>
         <name>fputs.obj</name>
      </input_file>
      <input_file id="fl-14e">
         <path>C:\ti\ccsv6\tools\compiler\ti-cgt-arm_5.2.4\lib\</path>
         <kind>archive</kind>
         <file>rtsv7M4_T_le_v4SPD16_eabi.lib</file>
         <name>frexp.obj</name>
      </input_file>
      <input_file id="fl-14f">
         <path>C:\ti\ccsv6\tools\compiler\ti-cgt-arm_5.2.4\lib\</path>
         <kind>archive</kind>
         <file>rtsv7M4_T_le_v4SPD16_eabi.lib</file>
         <name>i_tofd_t2.obj</name>
      </input_file>
      <input_file id="fl-150">
         <path>C:\ti\ccsv6\tools\compiler\ti-cgt-arm_5.2.4\lib\</path>
         <kind>archive</kind>
         <file>rtsv7M4_T_le_v4SPD16_eabi.lib</file>
         <name>ldexp.obj</name>
      </input_file>
      <input_file id="fl-151">
         <path>C:\ti\ccsv6\tools\compiler\ti-cgt-arm_5.2.4\lib\</path>
         <kind>archive</kind>
         <file>rtsv7M4_T_le_v4SPD16_eabi.lib</file>
         <name>ltoa.obj</name>
      </input_file>
      <input_file id="fl-152">
         <path>C:\ti\ccsv6\tools\compiler\ti-cgt-arm_5.2.4\lib\</path>
         <kind>archive</kind>
         <file>rtsv7M4_T_le_v4SPD16_eabi.lib</file>
         <name>memccpy.obj</name>
      </input_file>
      <input_file id="fl-153">
         <path>C:\ti\ccsv6\tools\compiler\ti-cgt-arm_5.2.4\lib\</path>
         <kind>archive</kind>
         <file>rtsv7M4_T_le_v4SPD16_eabi.lib</file>
         <name>memchr.obj</name>
      </input_file>
      <input_file id="fl-154">
         <path>C:\ti\ccsv6\tools\compiler\ti-cgt-arm_5.2.4\lib\</path>
         <kind>archive</kind>
         <file>rtsv7M4_T_le_v4SPD16_eabi.lib</file>
         <name>memory.obj</name>
      </input_file>
      <input_file id="fl-155">
         <path>C:\ti\ccsv6\tools\compiler\ti-cgt-arm_5.2.4\lib\</path>
         <kind>archive</kind>
         <file>rtsv7M4_T_le_v4SPD16_eabi.lib</file>
         <name>remove.obj</name>
      </input_file>
      <input_file id="fl-156">
         <path>C:\ti\ccsv6\tools\compiler\ti-cgt-arm_5.2.4\lib\</path>
         <kind>archive</kind>
         <file>rtsv7M4_T_le_v4SPD16_eabi.lib</file>
         <name>strcpy.obj</name>
      </input_file>
      <input_file id="fl-157">
         <path>C:\ti\ccsv6\tools\compiler\ti-cgt-arm_5.2.4\lib\</path>
         <kind>archive</kind>
         <file>rtsv7M4_T_le_v4SPD16_eabi.lib</file>
         <name>strlen.obj</name>
      </input_file>
      <input_file id="fl-158">
         <path>C:\ti\ccsv6\tools\compiler\ti-cgt-arm_5.2.4\lib\</path>
         <kind>archive</kind>
         <file>rtsv7M4_T_le_v4SPD16_eabi.lib</file>
         <name>ull_div_t2.obj</name>
      </input_file>
      <input_file id="fl-159">
         <path>C:\ti\ccsv6\tools\compiler\ti-cgt-arm_5.2.4\lib\</path>
         <kind>archive</kind>
         <file>rtsv7M4_T_le_v4SPD16_eabi.lib</file>
         <name>xdclass.obj</name>
      </input_file>
      <input_file id="fl-15a">
         <path>C:\ti\ccsv6\tools\compiler\ti-cgt-arm_5.2.4\lib\</path>
         <kind>archive</kind>
         <file>rtsv7M4_T_le_v4SPD16_eabi.lib</file>
         <name>xdscale.obj</name>
      </input_file>
      <input_file id="fl-15b">
         <path>C:\ti\ccsv6\tools\compiler\ti-cgt-arm_5.2.4\lib\</path>
         <kind>archive</kind>
         <file>rtsv7M4_T_le_v4SPD16_eabi.lib</file>
         <name>xdunscal.obj</name>
      </input_file>
      <input_file id="fl-15c">
         <path>C:\ti\ccsv6\tools\compiler\ti-cgt-arm_5.2.4\lib\</path>
         <kind>archive</kind>
         <file>rtsv7M4_T_le_v4SPD16_eabi.lib</file>
         <name>xferaise.obj</name>
      </input_file>
      <input_file id="fl-15d">
         <path>C:\ti\ccsv6\tools\compiler\ti-cgt-arm_5.2.4\lib\</path>
         <kind>archive</kind>
         <file>rtsv7M4_T_le_v4SPD16_eabi.lib</file>
         <name>xvalues.obj</name>
      </input_file>
      <input_file id="fl-15e">
         <path>C:\ti\ccsv6\tools\compiler\ti-cgt-arm_5.2.4\lib\</path>
         <kind>archive</kind>
         <file>rtsv7M4_T_le_v4SPD16_eabi.lib</file>
         <name>_io_perm.obj</name>
      </input_file>
      <input_file id="fl-15f">
         <path>C:\ti\ccsv6\tools\compiler\ti-cgt-arm_5.2.4\lib\</path>
         <kind>archive</kind>
         <file>rtsv7M4_T_le_v4SPD16_eabi.lib</file>
         <name>errno.obj</name>
      </input_file>
      <input_file id="fl-160">
         <path>C:\ti\ccsv6\tools\compiler\ti-cgt-arm_5.2.4\lib\</path>
         <kind>archive</kind>
         <file>rtsv7M4_T_le_v4SPD16_eabi.lib</file>
         <name>feraiseexcept.obj</name>
      </input_file>
      <input_file id="fl-161">
         <path>C:\ti\ccsv6\tools\compiler\ti-cgt-arm_5.2.4\lib\</path>
         <kind>archive</kind>
         <file>rtsv7M4_T_le_v4SPD16_eabi.lib</file>
         <name>fseek.obj</name>
      </input_file>
      <input_file id="fl-162">
         <path>C:\ti\ccsv6\tools\compiler\ti-cgt-arm_5.2.4\lib\</path>
         <kind>archive</kind>
         <file>rtsv7M4_T_le_v4SPD16_eabi.lib</file>
         <name>raise.obj</name>
      </input_file>
      <input_file id="fl-163">
         <path>C:\ti\ccsv6\tools\compiler\ti-cgt-arm_5.2.4\lib\</path>
         <kind>archive</kind>
         <file>rtsv7M4_T_le_v4SPD16_eabi.lib</file>
         <name>signal.obj</name>
      </input_file>
      <input_file id="fl-164">
         <path>C:\ti\ccsv6\tools\compiler\ti-cgt-arm_5.2.4\lib\</path>
         <kind>archive</kind>
         <file>rtsv7M4_T_le_v4SPD16_eabi.lib</file>
         <name>xdnorm.obj</name>
      </input_file>
   </input_file_list>
   <object_component_list>
      <object_component id="oc-10">
         <name>.intvecs</name>
         <load_address>0x0</load_address>
         <run_address>0x0</run_address>
         <size>0x144</size>
         <input_file_ref idref="fl-4"/>
      </object_component>
      <object_component id="oc-10c">
         <name>.text</name>
         <load_address>0x144</load_address>
         <run_address>0x144</run_address>
         <size>0x10ba</size>
         <input_file_ref idref="fl-13f"/>
      </object_component>
      <object_component id="oc-1e0">
         <name>.text</name>
         <load_address>0x1200</load_address>
         <run_address>0x1200</run_address>
         <size>0x3dc</size>
         <input_file_ref idref="fl-154"/>
      </object_component>
      <object_component id="oc-11d">
         <name>.text</name>
         <load_address>0x15dc</load_address>
         <run_address>0x15dc</run_address>
         <size>0x30c</size>
         <input_file_ref idref="fl-132"/>
      </object_component>
      <object_component id="oc-243">
         <name>.text</name>
         <load_address>0x18e8</load_address>
         <run_address>0x18e8</run_address>
         <size>0x2d4</size>
         <input_file_ref idref="fl-13c"/>
      </object_component>
      <object_component id="oc-d8">
         <name>.text</name>
         <load_address>0x1bbc</load_address>
         <run_address>0x1bbc</run_address>
         <size>0x208</size>
         <input_file_ref idref="fl-2"/>
      </object_component>
      <object_component id="oc-155">
         <name>.text</name>
         <load_address>0x1dc4</load_address>
         <run_address>0x1dc4</run_address>
         <size>0x1f4</size>
         <input_file_ref idref="fl-158"/>
      </object_component>
      <object_component id="oc-123">
         <name>.text</name>
         <load_address>0x1fb8</load_address>
         <run_address>0x1fb8</run_address>
         <size>0x1c4</size>
         <input_file_ref idref="fl-130"/>
      </object_component>
      <object_component id="oc-17e">
         <name>.text</name>
         <load_address>0x217c</load_address>
         <run_address>0x217c</run_address>
         <size>0x1b6</size>
         <input_file_ref idref="fl-146"/>
      </object_component>
      <object_component id="oc-a0">
         <name>.text</name>
         <load_address>0x2334</load_address>
         <run_address>0x2334</run_address>
         <size>0x15c</size>
         <input_file_ref idref="fl-3"/>
      </object_component>
      <object_component id="oc-164">
         <name>.text</name>
         <load_address>0x2490</load_address>
         <run_address>0x2490</run_address>
         <size>0x136</size>
         <input_file_ref idref="fl-148"/>
      </object_component>
      <object_component id="oc-106">
         <name>.text</name>
         <load_address>0x25c8</load_address>
         <run_address>0x25c8</run_address>
         <size>0x134</size>
         <input_file_ref idref="fl-14d"/>
      </object_component>
      <object_component id="oc-21d">
         <name>.text</name>
         <load_address>0x26fc</load_address>
         <run_address>0x26fc</run_address>
         <size>0x110</size>
         <input_file_ref idref="fl-15a"/>
      </object_component>
      <object_component id="oc-15f">
         <name>.text</name>
         <load_address>0x280c</load_address>
         <run_address>0x280c</run_address>
         <size>0xfc</size>
         <input_file_ref idref="fl-149"/>
      </object_component>
      <object_component id="oc-129">
         <name>.text</name>
         <load_address>0x2908</load_address>
         <run_address>0x2908</run_address>
         <size>0xdc</size>
         <input_file_ref idref="fl-137"/>
      </object_component>
      <object_component id="oc-13f">
         <name>.text</name>
         <load_address>0x29e4</load_address>
         <run_address>0x29e4</run_address>
         <size>0xc8</size>
         <input_file_ref idref="fl-14b"/>
      </object_component>
      <object_component id="oc-26d">
         <name>.text</name>
         <load_address>0x2aac</load_address>
         <run_address>0x2aac</run_address>
         <size>0xbe</size>
         <input_file_ref idref="fl-164"/>
      </object_component>
      <object_component id="oc-139">
         <name>.text</name>
         <load_address>0x2b6a</load_address>
         <run_address>0x2b6a</run_address>
         <size>0xac</size>
         <input_file_ref idref="fl-15e"/>
      </object_component>
      <object_component id="oc-37">
         <name>.text</name>
         <load_address>0x2c16</load_address>
         <run_address>0x2c16</run_address>
         <size>0x9c</size>
         <input_file_ref idref="fl-133"/>
      </object_component>
      <object_component id="oc-2e">
         <name>.text</name>
         <load_address>0x2cb4</load_address>
         <run_address>0x2cb4</run_address>
         <size>0x9a</size>
         <input_file_ref idref="fl-4"/>
      </object_component>
      <object_component id="oc-1d4">
         <name>.text</name>
         <load_address>0x2d50</load_address>
         <run_address>0x2d50</run_address>
         <size>0x98</size>
         <input_file_ref idref="fl-145"/>
      </object_component>
      <object_component id="oc-100">
         <name>.text</name>
         <load_address>0x2de8</load_address>
         <run_address>0x2de8</run_address>
         <size>0x98</size>
         <input_file_ref idref="fl-14c"/>
      </object_component>
      <object_component id="oc-15a">
         <name>.text:__aeabi_cdcmple</name>
         <load_address>0x2e80</load_address>
         <run_address>0x2e80</run_address>
         <size>0x86</size>
         <input_file_ref idref="fl-147"/>
      </object_component>
      <object_component id="oc-169">
         <name>.text:__aeabi_cdrcmple</name>
         <load_address>0x2f06</load_address>
         <run_address>0x2f06</run_address>
         <size>0x86</size>
         <input_file_ref idref="fl-147"/>
      </object_component>
      <object_component id="oc-50">
         <name>.text</name>
         <load_address>0x2f8c</load_address>
         <run_address>0x2f8c</run_address>
         <size>0x7a</size>
         <input_file_ref idref="fl-134"/>
      </object_component>
      <object_component id="oc-cd">
         <name>.text</name>
         <load_address>0x3008</load_address>
         <run_address>0x3008</run_address>
         <size>0x70</size>
         <input_file_ref idref="fl-136"/>
      </object_component>
      <object_component id="oc-62">
         <name>.text</name>
         <load_address>0x3078</load_address>
         <run_address>0x3078</run_address>
         <size>0x6c</size>
         <input_file_ref idref="fl-142"/>
      </object_component>
      <object_component id="oc-43">
         <name>.text</name>
         <load_address>0x30e4</load_address>
         <run_address>0x30e4</run_address>
         <size>0x6a</size>
         <input_file_ref idref="fl-12c"/>
      </object_component>
      <object_component id="oc-297">
         <name>.text</name>
         <load_address>0x3150</load_address>
         <run_address>0x3150</run_address>
         <size>0x68</size>
         <input_file_ref idref="fl-13d"/>
      </object_component>
      <object_component id="oc-215">
         <name>.text</name>
         <load_address>0x31b8</load_address>
         <run_address>0x31b8</run_address>
         <size>0x66</size>
         <input_file_ref idref="fl-15b"/>
      </object_component>
      <object_component id="oc-1f9">
         <name>.text</name>
         <load_address>0x3220</load_address>
         <run_address>0x3220</run_address>
         <size>0x64</size>
         <input_file_ref idref="fl-161"/>
      </object_component>
      <object_component id="oc-173">
         <name>.text</name>
         <load_address>0x3284</load_address>
         <run_address>0x3284</run_address>
         <size>0x56</size>
         <input_file_ref idref="fl-151"/>
      </object_component>
      <object_component id="oc-189">
         <name>.text</name>
         <load_address>0x32da</load_address>
         <run_address>0x32da</run_address>
         <size>0x52</size>
         <input_file_ref idref="fl-150"/>
      </object_component>
      <object_component id="oc-25">
         <name>.text</name>
         <load_address>0x332c</load_address>
         <run_address>0x332c</run_address>
         <size>0x50</size>
         <input_file_ref idref="fl-12a"/>
      </object_component>
      <object_component id="oc-1a1">
         <name>.text</name>
         <load_address>0x337c</load_address>
         <run_address>0x337c</run_address>
         <size>0x4c</size>
         <input_file_ref idref="fl-141"/>
      </object_component>
      <object_component id="oc-98">
         <name>.text</name>
         <load_address>0x33c8</load_address>
         <run_address>0x33c8</run_address>
         <size>0x4c</size>
         <input_file_ref idref="fl-143"/>
      </object_component>
      <object_component id="oc-16e">
         <name>.text</name>
         <load_address>0x3414</load_address>
         <run_address>0x3414</run_address>
         <size>0x48</size>
         <input_file_ref idref="fl-14a"/>
      </object_component>
      <object_component id="oc-6e">
         <name>.text</name>
         <load_address>0x345c</load_address>
         <run_address>0x345c</run_address>
         <size>0x44</size>
         <input_file_ref idref="fl-12f"/>
      </object_component>
      <object_component id="oc-2da">
         <name>.text</name>
         <load_address>0x34a0</load_address>
         <run_address>0x34a0</run_address>
         <size>0x40</size>
         <input_file_ref idref="fl-163"/>
      </object_component>
      <object_component id="oc-d3">
         <name>.text</name>
         <load_address>0x34e0</load_address>
         <run_address>0x34e0</run_address>
         <size>0x38</size>
         <input_file_ref idref="fl-131"/>
      </object_component>
      <object_component id="oc-27c">
         <name>.text</name>
         <load_address>0x3518</load_address>
         <run_address>0x3518</run_address>
         <size>0x34</size>
         <input_file_ref idref="fl-160"/>
      </object_component>
      <object_component id="oc-1c8">
         <name>.text</name>
         <load_address>0x354c</load_address>
         <run_address>0x354c</run_address>
         <size>0x30</size>
         <input_file_ref idref="fl-13b"/>
      </object_component>
      <object_component id="oc-195">
         <name>.text</name>
         <load_address>0x357c</load_address>
         <run_address>0x357c</run_address>
         <size>0x30</size>
         <input_file_ref idref="fl-159"/>
      </object_component>
      <object_component id="oc-223">
         <name>.text</name>
         <load_address>0x35ac</load_address>
         <run_address>0x35ac</run_address>
         <size>0x30</size>
         <input_file_ref idref="fl-15c"/>
      </object_component>
      <object_component id="oc-179">
         <name>.text</name>
         <load_address>0x35dc</load_address>
         <run_address>0x35dc</run_address>
         <size>0x2e</size>
         <input_file_ref idref="fl-14f"/>
      </object_component>
      <object_component id="oc-2c1">
         <name>.text</name>
         <load_address>0x360a</load_address>
         <run_address>0x360a</run_address>
         <size>0x2e</size>
         <input_file_ref idref="fl-162"/>
      </object_component>
      <object_component id="oc-183">
         <name>.text</name>
         <load_address>0x3638</load_address>
         <run_address>0x3638</run_address>
         <size>0x2a</size>
         <input_file_ref idref="fl-14e"/>
      </object_component>
      <object_component id="oc-14d">
         <name>.text</name>
         <load_address>0x3662</load_address>
         <run_address>0x3662</run_address>
         <size>0x20</size>
         <input_file_ref idref="fl-153"/>
      </object_component>
      <object_component id="oc-19b">
         <name>.text</name>
         <load_address>0x3682</load_address>
         <run_address>0x3682</run_address>
         <size>0x1c</size>
         <input_file_ref idref="fl-152"/>
      </object_component>
      <object_component id="oc-68">
         <name>.text</name>
         <load_address>0x36a0</load_address>
         <run_address>0x36a0</run_address>
         <size>0x18</size>
         <input_file_ref idref="fl-140"/>
      </object_component>
      <object_component id="oc-1c2">
         <name>.text</name>
         <load_address>0x36b8</load_address>
         <run_address>0x36b8</run_address>
         <size>0x18</size>
         <input_file_ref idref="fl-13a"/>
      </object_component>
      <object_component id="oc-18f">
         <name>.text</name>
         <load_address>0x36d0</load_address>
         <run_address>0x36d0</run_address>
         <size>0x16</size>
         <input_file_ref idref="fl-139"/>
      </object_component>
      <object_component id="oc-eb">
         <name>.text</name>
         <load_address>0x36e8</load_address>
         <run_address>0x36e8</run_address>
         <size>0x14</size>
         <input_file_ref idref="fl-13e"/>
      </object_component>
      <object_component id="oc-29d">
         <name>.text</name>
         <load_address>0x36fc</load_address>
         <run_address>0x36fc</run_address>
         <size>0x14</size>
         <input_file_ref idref="fl-156"/>
      </object_component>
      <object_component id="oc-147">
         <name>.text</name>
         <load_address>0x3710</load_address>
         <run_address>0x3710</run_address>
         <size>0x14</size>
         <input_file_ref idref="fl-157"/>
      </object_component>
      <object_component id="oc-13">
         <name>.text:decompress:none</name>
         <load_address>0x3724</load_address>
         <run_address>0x3724</run_address>
         <size>0xe</size>
         <input_file_ref idref="fl-12b"/>
      </object_component>
      <object_component id="oc-1f">
         <name>.text:decompress:ZI</name>
         <load_address>0x3732</load_address>
         <run_address>0x3732</run_address>
         <size>0xc</size>
         <input_file_ref idref="fl-12d"/>
      </object_component>
      <object_component id="oc-19">
         <name>.text:decompress:rle24</name>
         <load_address>0x373e</load_address>
         <run_address>0x373e</run_address>
         <size>0x6</size>
         <input_file_ref idref="fl-12c"/>
      </object_component>
      <object_component id="oc-5c">
         <name>.text</name>
         <load_address>0x3744</load_address>
         <run_address>0x3744</run_address>
         <size>0x4</size>
         <input_file_ref idref="fl-135"/>
      </object_component>
      <object_component id="oc-231">
         <name>.const:.string:_ctypes_</name>
         <load_address>0x3748</load_address>
         <run_address>0x3748</run_address>
         <size>0x101</size>
         <input_file_ref idref="fl-144"/>
      </object_component>
      <object_component id="oc-326">
         <name>.cinit..data.load</name>
         <load_address>0x3850</load_address>
         <run_address>0x3850</run_address>
         <size>0xa6</size>
      </object_component>
      <object_component id="oc-324">
         <name>__TI_handler_table</name>
         <load_address>0x38f8</load_address>
         <run_address>0x38f8</run_address>
         <size>0xc</size>
      </object_component>
      <object_component id="oc-327">
         <name>.cinit..bss.load</name>
         <load_address>0x3908</load_address>
         <run_address>0x3908</run_address>
         <size>0x8</size>
      </object_component>
      <object_component id="oc-325">
         <name>__TI_cinit_table</name>
         <load_address>0x3910</load_address>
         <run_address>0x3910</run_address>
         <size>0x10</size>
      </object_component>
      <object_component id="oc-2b">
         <name>.sysmem</name>
         <uninitialized>true</uninitialized>
         <run_address>0x20000000</run_address>
         <size>0x8</size>
         <input_file_ref idref="fl-154"/>
      </object_component>
      <object_component id="oc-329">
         <name>.sysmem</name>
         <uninitialized>true</uninitialized>
         <run_address>0x20000000</run_address>
         <size>0x0</size>
      </object_component>
      <object_component id="oc-2a">
         <name>.stack</name>
         <uninitialized>true</uninitialized>
         <run_address>0x2000fc00</run_address>
         <size>0x0</size>
         <input_file_ref idref="fl-12a"/>
      </object_component>
      <object_component id="oc-328">
         <name>.stack</name>
         <uninitialized>true</uninitialized>
         <run_address>0x2000fc00</run_address>
         <size>0x0</size>
      </object_component>
      <object_component id="oc-252">
         <name>.bss:__TI_tmpnams</name>
         <uninitialized>true</uninitialized>
         <run_address>0x20000850</run_address>
         <size>0xa0</size>
         <input_file_ref idref="fl-12e"/>
      </object_component>
      <object_component id="oc-2cf">
         <name>.bss:__CIOBUF_</name>
         <uninitialized>true</uninitialized>
         <run_address>0x20000730</run_address>
         <size>0x120</size>
         <input_file_ref idref="fl-13d"/>
      </object_component>
      <object_component id="oc-2a3">
         <name>.common:parmbuf</name>
         <uninitialized>true</uninitialized>
         <run_address>0x200008f0</run_address>
         <size>0x8</size>
      </object_component>
      <object_component id="oc-112">
         <name>.data:_ftable</name>
         <load_address>0x20000400</load_address>
         <run_address>0x20000400</run_address>
         <size>0xf0</size>
         <input_file_ref idref="fl-12e"/>
      </object_component>
      <object_component id="oc-1da">
         <name>.data</name>
         <load_address>0x200006f0</load_address>
         <run_address>0x200006f0</run_address>
         <size>0x10</size>
         <input_file_ref idref="fl-12e"/>
      </object_component>
      <object_component id="oc-ab">
         <name>.data</name>
         <load_address>0x20000714</load_address>
         <run_address>0x20000714</run_address>
         <size>0x8</size>
         <input_file_ref idref="fl-12f"/>
      </object_component>
      <object_component id="oc-1dd">
         <name>.data</name>
         <load_address>0x20000728</load_address>
         <run_address>0x20000728</run_address>
         <size>0x4</size>
         <input_file_ref idref="fl-130"/>
      </object_component>
      <object_component id="oc-1ce">
         <name>.data</name>
         <load_address>0x200004f0</load_address>
         <run_address>0x200004f0</run_address>
         <size>0xd0</size>
         <input_file_ref idref="fl-132"/>
      </object_component>
      <object_component id="oc-74">
         <name>.data</name>
         <load_address>0x2000072c</load_address>
         <run_address>0x2000072c</run_address>
         <size>0x4</size>
         <input_file_ref idref="fl-138"/>
      </object_component>
      <object_component id="oc-a8">
         <name>.data</name>
         <load_address>0x2000070c</load_address>
         <run_address>0x2000070c</run_address>
         <size>0x8</size>
         <input_file_ref idref="fl-13e"/>
      </object_component>
      <object_component id="oc-25b">
         <name>.data</name>
         <load_address>0x20000700</load_address>
         <run_address>0x20000700</run_address>
         <size>0xc</size>
         <input_file_ref idref="fl-154"/>
      </object_component>
      <object_component id="oc-277">
         <name>.data</name>
         <load_address>0x20000670</load_address>
         <run_address>0x20000670</run_address>
         <size>0x80</size>
         <input_file_ref idref="fl-15d"/>
      </object_component>
      <object_component id="oc-282">
         <name>.data</name>
         <load_address>0x20000724</load_address>
         <run_address>0x20000724</run_address>
         <size>0x4</size>
         <input_file_ref idref="fl-15f"/>
      </object_component>
      <object_component id="oc-2c7">
         <name>.data</name>
         <load_address>0x2000071c</load_address>
         <run_address>0x2000071c</run_address>
         <size>0x8</size>
         <input_file_ref idref="fl-160"/>
      </object_component>
      <object_component id="oc-2f1">
         <name>.data:sigtable</name>
         <load_address>0x200005c0</load_address>
         <run_address>0x200005c0</run_address>
         <size>0xb0</size>
         <input_file_ref idref="fl-163"/>
      </object_component>
      <object_component id="oc-130">
         <name>.debug_info</name>
         <load_address>0x0</load_address>
         <run_address>0x0</run_address>
         <size>0x4dc</size>
         <input_file_ref idref="fl-2"/>
      </object_component>
      <object_component id="oc-d9">
         <name>.debug_info</name>
         <load_address>0x4dc</load_address>
         <run_address>0x4dc</run_address>
         <size>0x960</size>
         <input_file_ref idref="fl-2"/>
      </object_component>
      <object_component id="oc-1ef">
         <name>.debug_info</name>
         <load_address>0xe3c</load_address>
         <run_address>0xe3c</run_address>
         <size>0xc8</size>
         <input_file_ref idref="fl-2"/>
      </object_component>
      <object_component id="oc-1f4">
         <name>.debug_info</name>
         <load_address>0xf04</load_address>
         <run_address>0xf04</run_address>
         <size>0x103c</size>
         <input_file_ref idref="fl-2"/>
      </object_component>
      <object_component id="oc-7f">
         <name>.debug_info</name>
         <load_address>0x1f40</load_address>
         <run_address>0x1f40</run_address>
         <size>0x84</size>
         <input_file_ref idref="fl-2"/>
      </object_component>
      <object_component id="oc-df">
         <name>.debug_info</name>
         <load_address>0x1fc4</load_address>
         <run_address>0x1fc4</run_address>
         <size>0x18b</size>
         <input_file_ref idref="fl-2"/>
      </object_component>
      <object_component id="oc-131">
         <name>.debug_info</name>
         <load_address>0x214f</load_address>
         <run_address>0x214f</run_address>
         <size>0x2c</size>
         <input_file_ref idref="fl-2"/>
      </object_component>
      <object_component id="oc-117">
         <name>.debug_info</name>
         <load_address>0x217b</load_address>
         <run_address>0x217b</run_address>
         <size>0x4e</size>
         <input_file_ref idref="fl-2"/>
      </object_component>
      <object_component id="oc-a1">
         <name>.debug_info</name>
         <load_address>0x21c9</load_address>
         <run_address>0x21c9</run_address>
         <size>0x26f</size>
         <input_file_ref idref="fl-3"/>
      </object_component>
      <object_component id="oc-36">
         <name>.debug_info</name>
         <load_address>0x2438</load_address>
         <run_address>0x2438</run_address>
         <size>0x10b</size>
         <input_file_ref idref="fl-4"/>
      </object_component>
      <object_component id="oc-11">
         <name>.debug_info</name>
         <load_address>0x2543</load_address>
         <run_address>0x2543</run_address>
         <size>0xf8</size>
         <input_file_ref idref="fl-4"/>
      </object_component>
      <object_component id="oc-2f">
         <name>.debug_info</name>
         <load_address>0x263b</load_address>
         <run_address>0x263b</run_address>
         <size>0x16a4</size>
         <input_file_ref idref="fl-4"/>
      </object_component>
      <object_component id="oc-27">
         <name>.debug_info</name>
         <load_address>0x3cdf</load_address>
         <run_address>0x3cdf</run_address>
         <size>0x136</size>
         <input_file_ref idref="fl-12a"/>
      </object_component>
      <object_component id="oc-42">
         <name>.debug_info</name>
         <load_address>0x3e15</load_address>
         <run_address>0x3e15</run_address>
         <size>0x123</size>
         <input_file_ref idref="fl-12b"/>
      </object_component>
      <object_component id="oc-14">
         <name>.debug_info</name>
         <load_address>0x3f38</load_address>
         <run_address>0x3f38</run_address>
         <size>0x1c2</size>
         <input_file_ref idref="fl-12b"/>
      </object_component>
      <object_component id="oc-3d">
         <name>.debug_info</name>
         <load_address>0x40fa</load_address>
         <run_address>0x40fa</run_address>
         <size>0x46</size>
         <input_file_ref idref="fl-12b"/>
      </object_component>
      <object_component id="oc-85">
         <name>.debug_info</name>
         <load_address>0x4140</load_address>
         <run_address>0x4140</run_address>
         <size>0x2c</size>
         <input_file_ref idref="fl-12b"/>
      </object_component>
      <object_component id="oc-4a">
         <name>.debug_info</name>
         <load_address>0x416c</load_address>
         <run_address>0x416c</run_address>
         <size>0x117</size>
         <input_file_ref idref="fl-12c"/>
      </object_component>
      <object_component id="oc-46">
         <name>.debug_info</name>
         <load_address>0x4283</load_address>
         <run_address>0x4283</run_address>
         <size>0x22a</size>
         <input_file_ref idref="fl-12c"/>
      </object_component>
      <object_component id="oc-1b">
         <name>.debug_info</name>
         <load_address>0x44ad</load_address>
         <run_address>0x44ad</run_address>
         <size>0x194</size>
         <input_file_ref idref="fl-12c"/>
      </object_component>
      <object_component id="oc-4b">
         <name>.debug_info</name>
         <load_address>0x4641</load_address>
         <run_address>0x4641</run_address>
         <size>0x39</size>
         <input_file_ref idref="fl-12c"/>
      </object_component>
      <object_component id="oc-8f">
         <name>.debug_info</name>
         <load_address>0x467a</load_address>
         <run_address>0x467a</run_address>
         <size>0x2c</size>
         <input_file_ref idref="fl-12c"/>
      </object_component>
      <object_component id="oc-5b">
         <name>.debug_info</name>
         <load_address>0x46a6</load_address>
         <run_address>0x46a6</run_address>
         <size>0x112</size>
         <input_file_ref idref="fl-12d"/>
      </object_component>
      <object_component id="oc-20">
         <name>.debug_info</name>
         <load_address>0x47b8</load_address>
         <run_address>0x47b8</run_address>
         <size>0x18d</size>
         <input_file_ref idref="fl-12d"/>
      </object_component>
      <object_component id="oc-56">
         <name>.debug_info</name>
         <load_address>0x4945</load_address>
         <run_address>0x4945</run_address>
         <size>0x46</size>
         <input_file_ref idref="fl-12d"/>
      </object_component>
      <object_component id="oc-1ba">
         <name>.debug_info</name>
         <load_address>0x498b</load_address>
         <run_address>0x498b</run_address>
         <size>0xf3</size>
         <input_file_ref idref="fl-12e"/>
      </object_component>
      <object_component id="oc-113">
         <name>.debug_info</name>
         <load_address>0x4a7e</load_address>
         <run_address>0x4a7e</run_address>
         <size>0xda</size>
         <input_file_ref idref="fl-12e"/>
      </object_component>
      <object_component id="oc-253">
         <name>.debug_info</name>
         <load_address>0x4b58</load_address>
         <run_address>0x4b58</run_address>
         <size>0xe4</size>
         <input_file_ref idref="fl-12e"/>
      </object_component>
      <object_component id="oc-1db">
         <name>.debug_info</name>
         <load_address>0x4c3c</load_address>
         <run_address>0x4c3c</run_address>
         <size>0x167</size>
         <input_file_ref idref="fl-12e"/>
      </object_component>
      <object_component id="oc-1bd">
         <name>.debug_info</name>
         <load_address>0x4da3</load_address>
         <run_address>0x4da3</run_address>
         <size>0xae</size>
         <input_file_ref idref="fl-12e"/>
      </object_component>
      <object_component id="oc-af">
         <name>.debug_info</name>
         <load_address>0x4e51</load_address>
         <run_address>0x4e51</run_address>
         <size>0x174</size>
         <input_file_ref idref="fl-12f"/>
      </object_component>
      <object_component id="oc-ac">
         <name>.debug_info</name>
         <load_address>0x4fc5</load_address>
         <run_address>0x4fc5</run_address>
         <size>0x119</size>
         <input_file_ref idref="fl-12f"/>
      </object_component>
      <object_component id="oc-6f">
         <name>.debug_info</name>
         <load_address>0x50de</load_address>
         <run_address>0x50de</run_address>
         <size>0x1f0</size>
         <input_file_ref idref="fl-12f"/>
      </object_component>
      <object_component id="oc-1df">
         <name>.debug_info</name>
         <load_address>0x52ce</load_address>
         <run_address>0x52ce</run_address>
         <size>0x21f</size>
         <input_file_ref idref="fl-130"/>
      </object_component>
      <object_component id="oc-124">
         <name>.debug_info</name>
         <load_address>0x54ed</load_address>
         <run_address>0x54ed</run_address>
         <size>0x438</size>
         <input_file_ref idref="fl-130"/>
      </object_component>
      <object_component id="oc-b5">
         <name>.debug_info</name>
         <load_address>0x5925</load_address>
         <run_address>0x5925</run_address>
         <size>0x2c</size>
         <input_file_ref idref="fl-130"/>
      </object_component>
      <object_component id="oc-d5">
         <name>.debug_info</name>
         <load_address>0x5951</load_address>
         <run_address>0x5951</run_address>
         <size>0x10b</size>
         <input_file_ref idref="fl-131"/>
      </object_component>
      <object_component id="oc-1d2">
         <name>.debug_info</name>
         <load_address>0x5a5c</load_address>
         <run_address>0x5a5c</run_address>
         <size>0x483</size>
         <input_file_ref idref="fl-132"/>
      </object_component>
      <object_component id="oc-1cf">
         <name>.debug_info</name>
         <load_address>0x5edf</load_address>
         <run_address>0x5edf</run_address>
         <size>0xf9</size>
         <input_file_ref idref="fl-132"/>
      </object_component>
      <object_component id="oc-11e">
         <name>.debug_info</name>
         <load_address>0x5fd8</load_address>
         <run_address>0x5fd8</run_address>
         <size>0xaee</size>
         <input_file_ref idref="fl-132"/>
      </object_component>
      <object_component id="oc-24d">
         <name>.debug_info</name>
         <load_address>0x6ac6</load_address>
         <run_address>0x6ac6</run_address>
         <size>0x120</size>
         <input_file_ref idref="fl-132"/>
      </object_component>
      <object_component id="oc-1ae">
         <name>.debug_info</name>
         <load_address>0x6be6</load_address>
         <run_address>0x6be6</run_address>
         <size>0x2c</size>
         <input_file_ref idref="fl-132"/>
      </object_component>
      <object_component id="oc-3a">
         <name>.debug_info</name>
         <load_address>0x6c12</load_address>
         <run_address>0x6c12</run_address>
         <size>0xf8</size>
         <input_file_ref idref="fl-133"/>
      </object_component>
      <object_component id="oc-51">
         <name>.debug_info</name>
         <load_address>0x6d0a</load_address>
         <run_address>0x6d0a</run_address>
         <size>0x126</size>
         <input_file_ref idref="fl-134"/>
      </object_component>
      <object_component id="oc-5d">
         <name>.debug_info</name>
         <load_address>0x6e30</load_address>
         <run_address>0x6e30</run_address>
         <size>0x12b</size>
         <input_file_ref idref="fl-135"/>
      </object_component>
      <object_component id="oc-116">
         <name>.debug_info</name>
         <load_address>0x6f5b</load_address>
         <run_address>0x6f5b</run_address>
         <size>0x20f</size>
         <input_file_ref idref="fl-136"/>
      </object_component>
      <object_component id="oc-ce">
         <name>.debug_info</name>
         <load_address>0x716a</load_address>
         <run_address>0x716a</run_address>
         <size>0x267</size>
         <input_file_ref idref="fl-136"/>
      </object_component>
      <object_component id="oc-1e7">
         <name>.debug_info</name>
         <load_address>0x73d1</load_address>
         <run_address>0x73d1</run_address>
         <size>0x1a3</size>
         <input_file_ref idref="fl-137"/>
      </object_component>
      <object_component id="oc-12b">
         <name>.debug_info</name>
         <load_address>0x7574</load_address>
         <run_address>0x7574</run_address>
         <size>0x1e3</size>
         <input_file_ref idref="fl-137"/>
      </object_component>
      <object_component id="oc-1e8">
         <name>.debug_info</name>
         <load_address>0x7757</load_address>
         <run_address>0x7757</run_address>
         <size>0xbb</size>
         <input_file_ref idref="fl-137"/>
      </object_component>
      <object_component id="oc-75">
         <name>.debug_info</name>
         <load_address>0x7812</load_address>
         <run_address>0x7812</run_address>
         <size>0xec</size>
         <input_file_ref idref="fl-138"/>
      </object_component>
      <object_component id="oc-22c">
         <name>.debug_info</name>
         <load_address>0x78fe</load_address>
         <run_address>0x78fe</run_address>
         <size>0xd8</size>
         <input_file_ref idref="fl-139"/>
      </object_component>
      <object_component id="oc-190">
         <name>.debug_info</name>
         <load_address>0x79d6</load_address>
         <run_address>0x79d6</run_address>
         <size>0x1f7</size>
         <input_file_ref idref="fl-139"/>
      </object_component>
      <object_component id="oc-240">
         <name>.debug_info</name>
         <load_address>0x7bcd</load_address>
         <run_address>0x7bcd</run_address>
         <size>0xc8</size>
         <input_file_ref idref="fl-13a"/>
      </object_component>
      <object_component id="oc-1c3">
         <name>.debug_info</name>
         <load_address>0x7c95</load_address>
         <run_address>0x7c95</run_address>
         <size>0x20b</size>
         <input_file_ref idref="fl-13a"/>
      </object_component>
      <object_component id="oc-242">
         <name>.debug_info</name>
         <load_address>0x7ea0</load_address>
         <run_address>0x7ea0</run_address>
         <size>0xd9</size>
         <input_file_ref idref="fl-13b"/>
      </object_component>
      <object_component id="oc-1c9">
         <name>.debug_info</name>
         <load_address>0x7f79</load_address>
         <run_address>0x7f79</run_address>
         <size>0x20c</size>
         <input_file_ref idref="fl-13b"/>
      </object_component>
      <object_component id="oc-2a4">
         <name>.debug_info</name>
         <load_address>0x8185</load_address>
         <run_address>0x8185</run_address>
         <size>0x250</size>
         <input_file_ref idref="fl-13c"/>
      </object_component>
      <object_component id="oc-244">
         <name>.debug_info</name>
         <load_address>0x83d5</load_address>
         <run_address>0x83d5</run_address>
         <size>0xa10</size>
         <input_file_ref idref="fl-13c"/>
      </object_component>
      <object_component id="oc-2a7">
         <name>.debug_info</name>
         <load_address>0x8de5</load_address>
         <run_address>0x8de5</run_address>
         <size>0x39</size>
         <input_file_ref idref="fl-13c"/>
      </object_component>
      <object_component id="oc-2d3">
         <name>.debug_info</name>
         <load_address>0x8e1e</load_address>
         <run_address>0x8e1e</run_address>
         <size>0xf8</size>
         <input_file_ref idref="fl-13d"/>
      </object_component>
      <object_component id="oc-2d0">
         <name>.debug_info</name>
         <load_address>0x8f16</load_address>
         <run_address>0x8f16</run_address>
         <size>0xe0</size>
         <input_file_ref idref="fl-13d"/>
      </object_component>
      <object_component id="oc-298">
         <name>.debug_info</name>
         <load_address>0x8ff6</load_address>
         <run_address>0x8ff6</run_address>
         <size>0x264</size>
         <input_file_ref idref="fl-13d"/>
      </object_component>
      <object_component id="oc-f3">
         <name>.debug_info</name>
         <load_address>0x925a</load_address>
         <run_address>0x925a</run_address>
         <size>0x107</size>
         <input_file_ref idref="fl-13e"/>
      </object_component>
      <object_component id="oc-a9">
         <name>.debug_info</name>
         <load_address>0x9361</load_address>
         <run_address>0x9361</run_address>
         <size>0xf6</size>
         <input_file_ref idref="fl-13e"/>
      </object_component>
      <object_component id="oc-ec">
         <name>.debug_info</name>
         <load_address>0x9457</load_address>
         <run_address>0x9457</run_address>
         <size>0x202</size>
         <input_file_ref idref="fl-13e"/>
      </object_component>
      <object_component id="oc-1a8">
         <name>.debug_info</name>
         <load_address>0x9659</load_address>
         <run_address>0x9659</run_address>
         <size>0x3a9</size>
         <input_file_ref idref="fl-13f"/>
      </object_component>
      <object_component id="oc-10e">
         <name>.debug_info</name>
         <load_address>0x9a02</load_address>
         <run_address>0x9a02</run_address>
         <size>0x17ec</size>
         <input_file_ref idref="fl-13f"/>
      </object_component>
      <object_component id="oc-1a9">
         <name>.debug_info</name>
         <load_address>0xb1ee</load_address>
         <run_address>0xb1ee</run_address>
         <size>0x86</size>
         <input_file_ref idref="fl-13f"/>
      </object_component>
      <object_component id="oc-238">
         <name>.debug_info</name>
         <load_address>0xb274</load_address>
         <run_address>0xb274</run_address>
         <size>0x46</size>
         <input_file_ref idref="fl-13f"/>
      </object_component>
      <object_component id="oc-1b3">
         <name>.debug_info</name>
         <load_address>0xb2ba</load_address>
         <run_address>0xb2ba</run_address>
         <size>0x39</size>
         <input_file_ref idref="fl-13f"/>
      </object_component>
      <object_component id="oc-a7">
         <name>.debug_info</name>
         <load_address>0xb2f3</load_address>
         <run_address>0xb2f3</run_address>
         <size>0x149</size>
         <input_file_ref idref="fl-140"/>
      </object_component>
      <object_component id="oc-69">
         <name>.debug_info</name>
         <load_address>0xb43c</load_address>
         <run_address>0xb43c</run_address>
         <size>0x14a</size>
         <input_file_ref idref="fl-140"/>
      </object_component>
      <object_component id="oc-e6">
         <name>.debug_info</name>
         <load_address>0xb586</load_address>
         <run_address>0xb586</run_address>
         <size>0x5e</size>
         <input_file_ref idref="fl-140"/>
      </object_component>
      <object_component id="oc-235">
         <name>.debug_info</name>
         <load_address>0xb5e4</load_address>
         <run_address>0xb5e4</run_address>
         <size>0xf7</size>
         <input_file_ref idref="fl-141"/>
      </object_component>
      <object_component id="oc-1a2">
         <name>.debug_info</name>
         <load_address>0xb6db</load_address>
         <run_address>0xb6db</run_address>
         <size>0x154</size>
         <input_file_ref idref="fl-141"/>
      </object_component>
      <object_component id="oc-9f">
         <name>.debug_info</name>
         <load_address>0xb82f</load_address>
         <run_address>0xb82f</run_address>
         <size>0x2a0</size>
         <input_file_ref idref="fl-142"/>
      </object_component>
      <object_component id="oc-63">
         <name>.debug_info</name>
         <load_address>0xbacf</load_address>
         <run_address>0xbacf</run_address>
         <size>0x15a</size>
         <input_file_ref idref="fl-142"/>
      </object_component>
      <object_component id="oc-c3">
         <name>.debug_info</name>
         <load_address>0xbc29</load_address>
         <run_address>0xbc29</run_address>
         <size>0x39</size>
         <input_file_ref idref="fl-142"/>
      </object_component>
      <object_component id="oc-c8">
         <name>.debug_info</name>
         <load_address>0xbc62</load_address>
         <run_address>0xbc62</run_address>
         <size>0xcd</size>
         <input_file_ref idref="fl-142"/>
      </object_component>
      <object_component id="oc-c0">
         <name>.debug_info</name>
         <load_address>0xbd2f</load_address>
         <run_address>0xbd2f</run_address>
         <size>0x1c3</size>
         <input_file_ref idref="fl-143"/>
      </object_component>
      <object_component id="oc-99">
         <name>.debug_info</name>
         <load_address>0xbef2</load_address>
         <run_address>0xbef2</run_address>
         <size>0x166</size>
         <input_file_ref idref="fl-143"/>
      </object_component>
      <object_component id="oc-fb">
         <name>.debug_info</name>
         <load_address>0xc058</load_address>
         <run_address>0xc058</run_address>
         <size>0x2c</size>
         <input_file_ref idref="fl-143"/>
      </object_component>
      <object_component id="oc-290">
         <name>.debug_info</name>
         <load_address>0xc084</load_address>
         <run_address>0xc084</run_address>
         <size>0xd1</size>
         <input_file_ref idref="fl-144"/>
      </object_component>
      <object_component id="oc-232">
         <name>.debug_info</name>
         <load_address>0xc155</load_address>
         <run_address>0xc155</run_address>
         <size>0xdd</size>
         <input_file_ref idref="fl-144"/>
      </object_component>
      <object_component id="oc-256">
         <name>.debug_info</name>
         <load_address>0xc232</load_address>
         <run_address>0xc232</run_address>
         <size>0x1e3</size>
         <input_file_ref idref="fl-145"/>
      </object_component>
      <object_component id="oc-1d5">
         <name>.debug_info</name>
         <load_address>0xc415</load_address>
         <run_address>0xc415</run_address>
         <size>0x27b</size>
         <input_file_ref idref="fl-145"/>
      </object_component>
      <object_component id="oc-180">
         <name>.debug_info</name>
         <load_address>0xc690</load_address>
         <run_address>0xc690</run_address>
         <size>0x12b</size>
         <input_file_ref idref="fl-146"/>
      </object_component>
      <object_component id="oc-15b">
         <name>.debug_info</name>
         <load_address>0xc7bb</load_address>
         <run_address>0xc7bb</run_address>
         <size>0x107</size>
         <input_file_ref idref="fl-147"/>
      </object_component>
      <object_component id="oc-16a">
         <name>.debug_info</name>
         <load_address>0xc8c2</load_address>
         <run_address>0xc8c2</run_address>
         <size>0x109</size>
         <input_file_ref idref="fl-147"/>
      </object_component>
      <object_component id="oc-165">
         <name>.debug_info</name>
         <load_address>0xc9cb</load_address>
         <run_address>0xc9cb</run_address>
         <size>0x119</size>
         <input_file_ref idref="fl-148"/>
      </object_component>
      <object_component id="oc-160">
         <name>.debug_info</name>
         <load_address>0xcae4</load_address>
         <run_address>0xcae4</run_address>
         <size>0x119</size>
         <input_file_ref idref="fl-149"/>
      </object_component>
      <object_component id="oc-16f">
         <name>.debug_info</name>
         <load_address>0xcbfd</load_address>
         <run_address>0xcbfd</run_address>
         <size>0x10d</size>
         <input_file_ref idref="fl-14a"/>
      </object_component>
      <object_component id="oc-202">
         <name>.debug_info</name>
         <load_address>0xcd0a</load_address>
         <run_address>0xcd0a</run_address>
         <size>0x185</size>
         <input_file_ref idref="fl-14b"/>
      </object_component>
      <object_component id="oc-140">
         <name>.debug_info</name>
         <load_address>0xce8f</load_address>
         <run_address>0xce8f</run_address>
         <size>0x23d</size>
         <input_file_ref idref="fl-14b"/>
      </object_component>
      <object_component id="oc-146">
         <name>.debug_info</name>
         <load_address>0xd0cc</load_address>
         <run_address>0xd0cc</run_address>
         <size>0x1c1</size>
         <input_file_ref idref="fl-14c"/>
      </object_component>
      <object_component id="oc-101">
         <name>.debug_info</name>
         <load_address>0xd28d</load_address>
         <run_address>0xd28d</run_address>
         <size>0x222</size>
         <input_file_ref idref="fl-14c"/>
      </object_component>
      <object_component id="oc-154">
         <name>.debug_info</name>
         <load_address>0xd4af</load_address>
         <run_address>0xd4af</run_address>
         <size>0x285</size>
         <input_file_ref idref="fl-14d"/>
      </object_component>
      <object_component id="oc-107">
         <name>.debug_info</name>
         <load_address>0xd734</load_address>
         <run_address>0xd734</run_address>
         <size>0x33c</size>
         <input_file_ref idref="fl-14d"/>
      </object_component>
      <object_component id="oc-21c">
         <name>.debug_info</name>
         <load_address>0xda70</load_address>
         <run_address>0xda70</run_address>
         <size>0x16f</size>
         <input_file_ref idref="fl-14e"/>
      </object_component>
      <object_component id="oc-184">
         <name>.debug_info</name>
         <load_address>0xdbdf</load_address>
         <run_address>0xdbdf</run_address>
         <size>0x170</size>
         <input_file_ref idref="fl-14e"/>
      </object_component>
      <object_component id="oc-17c">
         <name>.debug_info</name>
         <load_address>0xdd4f</load_address>
         <run_address>0xdd4f</run_address>
         <size>0x10b</size>
         <input_file_ref idref="fl-14f"/>
      </object_component>
      <object_component id="oc-22a">
         <name>.debug_info</name>
         <load_address>0xde5a</load_address>
         <run_address>0xde5a</run_address>
         <size>0x171</size>
         <input_file_ref idref="fl-150"/>
      </object_component>
      <object_component id="oc-18b">
         <name>.debug_info</name>
         <load_address>0xdfcb</load_address>
         <run_address>0xdfcb</run_address>
         <size>0x167</size>
         <input_file_ref idref="fl-150"/>
      </object_component>
      <object_component id="oc-212">
         <name>.debug_info</name>
         <load_address>0xe132</load_address>
         <run_address>0xe132</run_address>
         <size>0x12f</size>
         <input_file_ref idref="fl-151"/>
      </object_component>
      <object_component id="oc-174">
         <name>.debug_info</name>
         <load_address>0xe261</load_address>
         <run_address>0xe261</run_address>
         <size>0x1a5</size>
         <input_file_ref idref="fl-151"/>
      </object_component>
      <object_component id="oc-230">
         <name>.debug_info</name>
         <load_address>0xe406</load_address>
         <run_address>0xe406</run_address>
         <size>0xd4</size>
         <input_file_ref idref="fl-152"/>
      </object_component>
      <object_component id="oc-19c">
         <name>.debug_info</name>
         <load_address>0xe4da</load_address>
         <run_address>0xe4da</run_address>
         <size>0x18e</size>
         <input_file_ref idref="fl-152"/>
      </object_component>
      <object_component id="oc-208">
         <name>.debug_info</name>
         <load_address>0xe668</load_address>
         <run_address>0xe668</run_address>
         <size>0xe3</size>
         <input_file_ref idref="fl-153"/>
      </object_component>
      <object_component id="oc-14e">
         <name>.debug_info</name>
         <load_address>0xe74b</load_address>
         <run_address>0xe74b</run_address>
         <size>0x1f5</size>
         <input_file_ref idref="fl-153"/>
      </object_component>
      <object_component id="oc-7a">
         <name>.debug_info</name>
         <load_address>0xe940</load_address>
         <run_address>0xe940</run_address>
         <size>0x205</size>
         <input_file_ref idref="fl-154"/>
      </object_component>
      <object_component id="oc-2c">
         <name>.debug_info</name>
         <load_address>0xeb45</load_address>
         <run_address>0xeb45</run_address>
         <size>0xe4</size>
         <input_file_ref idref="fl-154"/>
      </object_component>
      <object_component id="oc-25c">
         <name>.debug_info</name>
         <load_address>0xec29</load_address>
         <run_address>0xec29</run_address>
         <size>0x12f</size>
         <input_file_ref idref="fl-154"/>
      </object_component>
      <object_component id="oc-1e1">
         <name>.debug_info</name>
         <load_address>0xed58</load_address>
         <run_address>0xed58</run_address>
         <size>0x86e</size>
         <input_file_ref idref="fl-154"/>
      </object_component>
      <object_component id="oc-ba">
         <name>.debug_info</name>
         <load_address>0xf5c6</load_address>
         <run_address>0xf5c6</run_address>
         <size>0x62</size>
         <input_file_ref idref="fl-154"/>
      </object_component>
      <object_component id="oc-2d5">
         <name>.debug_info</name>
         <load_address>0xf628</load_address>
         <run_address>0xf628</run_address>
         <size>0xd3</size>
         <input_file_ref idref="fl-156"/>
      </object_component>
      <object_component id="oc-29e">
         <name>.debug_info</name>
         <load_address>0xf6fb</load_address>
         <run_address>0xf6fb</run_address>
         <size>0x1e4</size>
         <input_file_ref idref="fl-156"/>
      </object_component>
      <object_component id="oc-206">
         <name>.debug_info</name>
         <load_address>0xf8df</load_address>
         <run_address>0xf8df</run_address>
         <size>0xcd</size>
         <input_file_ref idref="fl-157"/>
      </object_component>
      <object_component id="oc-148">
         <name>.debug_info</name>
         <load_address>0xf9ac</load_address>
         <run_address>0xf9ac</run_address>
         <size>0x1dd</size>
         <input_file_ref idref="fl-157"/>
      </object_component>
      <object_component id="oc-157">
         <name>.debug_info</name>
         <load_address>0xfb89</load_address>
         <run_address>0xfb89</run_address>
         <size>0x164</size>
         <input_file_ref idref="fl-158"/>
      </object_component>
      <object_component id="oc-22e">
         <name>.debug_info</name>
         <load_address>0xfced</load_address>
         <run_address>0xfced</run_address>
         <size>0x122</size>
         <input_file_ref idref="fl-159"/>
      </object_component>
      <object_component id="oc-196">
         <name>.debug_info</name>
         <load_address>0xfe0f</load_address>
         <run_address>0xfe0f</run_address>
         <size>0x13c</size>
         <input_file_ref idref="fl-159"/>
      </object_component>
      <object_component id="oc-27b">
         <name>.debug_info</name>
         <load_address>0xff4b</load_address>
         <run_address>0xff4b</run_address>
         <size>0x182</size>
         <input_file_ref idref="fl-15a"/>
      </object_component>
      <object_component id="oc-21f">
         <name>.debug_info</name>
         <load_address>0x100cd</load_address>
         <run_address>0x100cd</run_address>
         <size>0x194</size>
         <input_file_ref idref="fl-15a"/>
      </object_component>
      <object_component id="oc-2ba">
         <name>.debug_info</name>
         <load_address>0x10261</load_address>
         <run_address>0x10261</run_address>
         <size>0x86</size>
         <input_file_ref idref="fl-15a"/>
      </object_component>
      <object_component id="oc-274">
         <name>.debug_info</name>
         <load_address>0x102e7</load_address>
         <run_address>0x102e7</run_address>
         <size>0x16c</size>
         <input_file_ref idref="fl-15b"/>
      </object_component>
      <object_component id="oc-217">
         <name>.debug_info</name>
         <load_address>0x10453</load_address>
         <run_address>0x10453</run_address>
         <size>0x175</size>
         <input_file_ref idref="fl-15b"/>
      </object_component>
      <object_component id="oc-225">
         <name>.debug_info</name>
         <load_address>0x105c8</load_address>
         <run_address>0x105c8</run_address>
         <size>0x155</size>
         <input_file_ref idref="fl-15c"/>
      </object_component>
      <object_component id="oc-278">
         <name>.debug_info</name>
         <load_address>0x1071d</load_address>
         <run_address>0x1071d</run_address>
         <size>0x1b7</size>
         <input_file_ref idref="fl-15d"/>
      </object_component>
      <object_component id="oc-200">
         <name>.debug_info</name>
         <load_address>0x108d4</load_address>
         <run_address>0x108d4</run_address>
         <size>0x134</size>
         <input_file_ref idref="fl-15e"/>
      </object_component>
      <object_component id="oc-13b">
         <name>.debug_info</name>
         <load_address>0x10a08</load_address>
         <run_address>0x10a08</run_address>
         <size>0x213</size>
         <input_file_ref idref="fl-15e"/>
      </object_component>
      <object_component id="oc-283">
         <name>.debug_info</name>
         <load_address>0x10c1b</load_address>
         <run_address>0x10c1b</run_address>
         <size>0xd8</size>
         <input_file_ref idref="fl-15f"/>
      </object_component>
      <object_component id="oc-2e9">
         <name>.debug_info</name>
         <load_address>0x10cf3</load_address>
         <run_address>0x10cf3</run_address>
         <size>0x1af</size>
         <input_file_ref idref="fl-160"/>
      </object_component>
      <object_component id="oc-2c8">
         <name>.debug_info</name>
         <load_address>0x10ea2</load_address>
         <run_address>0x10ea2</run_address>
         <size>0x110</size>
         <input_file_ref idref="fl-160"/>
      </object_component>
      <object_component id="oc-27d">
         <name>.debug_info</name>
         <load_address>0x10fb2</load_address>
         <run_address>0x10fb2</run_address>
         <size>0x171</size>
         <input_file_ref idref="fl-160"/>
      </object_component>
      <object_component id="oc-2e4">
         <name>.debug_info</name>
         <load_address>0x11123</load_address>
         <run_address>0x11123</run_address>
         <size>0x6f</size>
         <input_file_ref idref="fl-160"/>
      </object_component>
      <object_component id="oc-262">
         <name>.debug_info</name>
         <load_address>0x11192</load_address>
         <run_address>0x11192</run_address>
         <size>0x162</size>
         <input_file_ref idref="fl-161"/>
      </object_component>
      <object_component id="oc-1fc">
         <name>.debug_info</name>
         <load_address>0x112f4</load_address>
         <run_address>0x112f4</run_address>
         <size>0x1c4</size>
         <input_file_ref idref="fl-161"/>
      </object_component>
      <object_component id="oc-2e1">
         <name>.debug_info</name>
         <load_address>0x114b8</load_address>
         <run_address>0x114b8</run_address>
         <size>0xff</size>
         <input_file_ref idref="fl-162"/>
      </object_component>
      <object_component id="oc-2c4">
         <name>.debug_info</name>
         <load_address>0x115b7</load_address>
         <run_address>0x115b7</run_address>
         <size>0x156</size>
         <input_file_ref idref="fl-162"/>
      </object_component>
      <object_component id="oc-2f8">
         <name>.debug_info</name>
         <load_address>0x1170d</load_address>
         <run_address>0x1170d</run_address>
         <size>0x2c</size>
         <input_file_ref idref="fl-162"/>
      </object_component>
      <object_component id="oc-2f5">
         <name>.debug_info</name>
         <load_address>0x11739</load_address>
         <run_address>0x11739</run_address>
         <size>0x11f</size>
         <input_file_ref idref="fl-163"/>
      </object_component>
      <object_component id="oc-2f2">
         <name>.debug_info</name>
         <load_address>0x11858</load_address>
         <run_address>0x11858</run_address>
         <size>0xdd</size>
         <input_file_ref idref="fl-163"/>
      </object_component>
      <object_component id="oc-2db">
         <name>.debug_info</name>
         <load_address>0x11935</load_address>
         <run_address>0x11935</run_address>
         <size>0x16c</size>
         <input_file_ref idref="fl-163"/>
      </object_component>
      <object_component id="oc-2b5">
         <name>.debug_info</name>
         <load_address>0x11aa1</load_address>
         <run_address>0x11aa1</run_address>
         <size>0x137</size>
         <input_file_ref idref="fl-164"/>
      </object_component>
      <object_component id="oc-26e">
         <name>.debug_info</name>
         <load_address>0x11bd8</load_address>
         <run_address>0x11bd8</run_address>
         <size>0x14f</size>
         <input_file_ref idref="fl-164"/>
      </object_component>
      <object_component id="oc-32a">
         <name>.debug_info</name>
         <load_address>0x11d27</load_address>
         <run_address>0x11d27</run_address>
         <size>0xb0</size>
      </object_component>
      <object_component id="oc-1ee">
         <name>.debug_line</name>
         <load_address>0x0</load_address>
         <run_address>0x0</run_address>
         <size>0x9d</size>
         <input_file_ref idref="fl-2"/>
      </object_component>
      <object_component id="oc-dc">
         <name>.debug_line</name>
         <load_address>0x9d</load_address>
         <run_address>0x9d</run_address>
         <size>0x20a</size>
         <input_file_ref idref="fl-2"/>
      </object_component>
      <object_component id="oc-1f2">
         <name>.debug_line</name>
         <load_address>0x2a7</load_address>
         <run_address>0x2a7</run_address>
         <size>0x5f</size>
         <input_file_ref idref="fl-2"/>
      </object_component>
      <object_component id="oc-1f7">
         <name>.debug_line</name>
         <load_address>0x306</load_address>
         <run_address>0x306</run_address>
         <size>0x55</size>
         <input_file_ref idref="fl-2"/>
      </object_component>
      <object_component id="oc-82">
         <name>.debug_line</name>
         <load_address>0x35b</load_address>
         <run_address>0x35b</run_address>
         <size>0x20</size>
         <input_file_ref idref="fl-2"/>
      </object_component>
      <object_component id="oc-e2">
         <name>.debug_line</name>
         <load_address>0x37b</load_address>
         <run_address>0x37b</run_address>
         <size>0x60</size>
         <input_file_ref idref="fl-2"/>
      </object_component>
      <object_component id="oc-134">
         <name>.debug_line</name>
         <load_address>0x3db</load_address>
         <run_address>0x3db</run_address>
         <size>0x5e</size>
         <input_file_ref idref="fl-2"/>
      </object_component>
      <object_component id="oc-11a">
         <name>.debug_line</name>
         <load_address>0x439</load_address>
         <run_address>0x439</run_address>
         <size>0x60</size>
         <input_file_ref idref="fl-2"/>
      </object_component>
      <object_component id="oc-a4">
         <name>.debug_line</name>
         <load_address>0x499</load_address>
         <run_address>0x499</run_address>
         <size>0x8c</size>
         <input_file_ref idref="fl-3"/>
      </object_component>
      <object_component id="oc-7e">
         <name>.debug_line</name>
         <load_address>0x525</load_address>
         <run_address>0x525</run_address>
         <size>0x3b</size>
         <input_file_ref idref="fl-4"/>
      </object_component>
      <object_component id="oc-35">
         <name>.debug_line</name>
         <load_address>0x560</load_address>
         <run_address>0x560</run_address>
         <size>0x3b</size>
         <input_file_ref idref="fl-4"/>
      </object_component>
      <object_component id="oc-32">
         <name>.debug_line</name>
         <load_address>0x59b</load_address>
         <run_address>0x59b</run_address>
         <size>0x55a</size>
         <input_file_ref idref="fl-4"/>
      </object_component>
      <object_component id="oc-26">
         <name>.debug_line</name>
         <load_address>0xaf5</load_address>
         <run_address>0xaf5</run_address>
         <size>0x52</size>
         <input_file_ref idref="fl-12a"/>
      </object_component>
      <object_component id="oc-8b">
         <name>.debug_line</name>
         <load_address>0xb47</load_address>
         <run_address>0xb47</run_address>
         <size>0x72</size>
         <input_file_ref idref="fl-12b"/>
      </object_component>
      <object_component id="oc-17">
         <name>.debug_line</name>
         <load_address>0xbb9</load_address>
         <run_address>0xbb9</run_address>
         <size>0x55</size>
         <input_file_ref idref="fl-12b"/>
      </object_component>
      <object_component id="oc-40">
         <name>.debug_line</name>
         <load_address>0xc0e</load_address>
         <run_address>0xc0e</run_address>
         <size>0x3a</size>
         <input_file_ref idref="fl-12b"/>
      </object_component>
      <object_component id="oc-88">
         <name>.debug_line</name>
         <load_address>0xc48</load_address>
         <run_address>0xc48</run_address>
         <size>0x72</size>
         <input_file_ref idref="fl-12b"/>
      </object_component>
      <object_component id="oc-8e">
         <name>.debug_line</name>
         <load_address>0xcba</load_address>
         <run_address>0xcba</run_address>
         <size>0x72</size>
         <input_file_ref idref="fl-12c"/>
      </object_component>
      <object_component id="oc-44">
         <name>.debug_line</name>
         <load_address>0xd2c</load_address>
         <run_address>0xd2c</run_address>
         <size>0x98</size>
         <input_file_ref idref="fl-12c"/>
      </object_component>
      <object_component id="oc-1a">
         <name>.debug_line</name>
         <load_address>0xdc4</load_address>
         <run_address>0xdc4</run_address>
         <size>0x4b</size>
         <input_file_ref idref="fl-12c"/>
      </object_component>
      <object_component id="oc-4e">
         <name>.debug_line</name>
         <load_address>0xe0f</load_address>
         <run_address>0xe0f</run_address>
         <size>0x39</size>
         <input_file_ref idref="fl-12c"/>
      </object_component>
      <object_component id="oc-92">
         <name>.debug_line</name>
         <load_address>0xe48</load_address>
         <run_address>0xe48</run_address>
         <size>0x72</size>
         <input_file_ref idref="fl-12c"/>
      </object_component>
      <object_component id="oc-96">
         <name>.debug_line</name>
         <load_address>0xeba</load_address>
         <run_address>0xeba</run_address>
         <size>0x72</size>
         <input_file_ref idref="fl-12d"/>
      </object_component>
      <object_component id="oc-23">
         <name>.debug_line</name>
         <load_address>0xf2c</load_address>
         <run_address>0xf2c</run_address>
         <size>0x4f</size>
         <input_file_ref idref="fl-12d"/>
      </object_component>
      <object_component id="oc-59">
         <name>.debug_line</name>
         <load_address>0xf7b</load_address>
         <run_address>0xf7b</run_address>
         <size>0x34</size>
         <input_file_ref idref="fl-12d"/>
      </object_component>
      <object_component id="oc-23e">
         <name>.debug_line</name>
         <load_address>0xfaf</load_address>
         <run_address>0xfaf</run_address>
         <size>0x20</size>
         <input_file_ref idref="fl-12e"/>
      </object_component>
      <object_component id="oc-1b9">
         <name>.debug_line</name>
         <load_address>0xfcf</load_address>
         <run_address>0xfcf</run_address>
         <size>0x2a</size>
         <input_file_ref idref="fl-12e"/>
      </object_component>
      <object_component id="oc-2ad">
         <name>.debug_line</name>
         <load_address>0xff9</load_address>
         <run_address>0xff9</run_address>
         <size>0x2a</size>
         <input_file_ref idref="fl-12e"/>
      </object_component>
[...]
      <symbol id="sm-17c">
         <name>__TI_decompress_none</name>
         <value>0x3725</value>
         <object_component_ref idref="oc-13"/>
      </symbol>
      <symbol id="sm-1a4">
         <name>__TI_decompress_rle24</name>
         <value>0x373f</value>
         <object_component_ref idref="oc-19"/>
      </symbol>
      <symbol id="sm-1b6">
         <name>__TI_zero_init</name>
         <value>0x3733</value>
         <object_component_ref idref="oc-1f"/>
      </symbol>
      <symbol id="sm-1d4">
         <name>__aeabi_stdout</name>
         <value>0x200006f8</value>
         <object_component_ref idref="oc-1da"/>
      </symbol>
      <symbol id="sm-1d5">
         <name>__TI_tmpnams</name>
         <value>0x20000850</value>
         <object_component_ref idref="oc-252"/>
      </symbol>
      <symbol id="sm-1d6">
         <name>__aeabi_stderr</name>
         <value>0x200006fc</value>
         <object_component_ref idref="oc-1da"/>
      </symbol>
      <symbol id="sm-1d7">
         <name>__aeabi_stdin</name>
         <value>0x200006f4</value>
         <object_component_ref idref="oc-1da"/>
      </symbol>
      <symbol id="sm-1d8">
         <name>_ftable</name>
         <value>0x20000400</value>
         <object_component_ref idref="oc-112"/>
      </symbol>
      <symbol id="sm-1d9">
         <name>__TI_ft_end</name>
         <value>0x200006f0</value>
         <object_component_ref idref="oc-1da"/>
      </symbol>
      <symbol id="sm-1f8">
         <name>C$$EXIT</name>
         <value>0x345d</value>
         <object_component_ref idref="oc-6e"/>
      </symbol>
      <symbol id="sm-1f9">
         <name>abort</name>
         <value>0x3461</value>
         <object_component_ref idref="oc-6e"/>
      </symbol>
      <symbol id="sm-1fa">
         <name>exit</name>
         <value>0x3469</value>
         <object_component_ref idref="oc-6e"/>
      </symbol>
      <symbol id="sm-1fb">
         <name>__TI_dtors_ptr</name>
         <value>0x20000718</value>
         <object_component_ref idref="oc-ab"/>
      </symbol>
      <symbol id="sm-1fc">
         <name>__TI_cleanup_ptr</name>
         <value>0x20000714</value>
         <object_component_ref idref="oc-ab"/>
      </symbol>
      <symbol id="sm-233">
         <name>__TI_cleanup</name>
         <value>0x2081</value>
         <object_component_ref idref="oc-123"/>
      </symbol>
      <symbol id="sm-234">
         <name>freopen</name>
         <value>0x20ad</value>
         <object_component_ref idref="oc-123"/>
      </symbol>
      <symbol id="sm-235">
         <name>fopen</name>
         <value>0x20d7</value>
         <object_component_ref idref="oc-123"/>
      </symbol>
      <symbol id="sm-243">
         <name>__aeabi_f2d</name>
         <value>0x34e1</value>
         <object_component_ref idref="oc-d3"/>
      </symbol>
      <symbol id="sm-295">
         <name>open</name>
         <value>0x171b</value>
         <object_component_ref idref="oc-11d"/>
      </symbol>
      <symbol id="sm-296">
         <name>add_device</name>
         <value>0x183d</value>
         <object_component_ref idref="oc-11d"/>
      </symbol>
      <symbol id="sm-297">
         <name>remove_device</name>
         <value>0x16cf</value>
         <object_component_ref idref="oc-11d"/>
      </symbol>
      <symbol id="sm-298">
         <name>lseek</name>
         <value>0x17c9</value>
         <object_component_ref idref="oc-11d"/>
      </symbol>
      <symbol id="sm-299">
         <name>read</name>
         <value>0x16f7</value>
         <object_component_ref idref="oc-11d"/>
      </symbol>
      <symbol id="sm-29a">
         <name>rename</name>
         <value>0x1691</value>
         <object_component_ref idref="oc-11d"/>
      </symbol>
      <symbol id="sm-29b">
         <name>write</name>
         <value>0x15dd</value>
         <object_component_ref idref="oc-11d"/>
      </symbol>
      <symbol id="sm-29c">
         <name>close</name>
         <value>0x17ed</value>
         <object_component_ref idref="oc-11d"/>
      </symbol>
      <symbol id="sm-29d">
         <name>unlink</name>
         <value>0x166d</value>
         <object_component_ref idref="oc-11d"/>
      </symbol>
      <symbol id="sm-2b8">
         <name>memcpy</name>
         <value>0x2c17</value>
         <object_component_ref idref="oc-37"/>
      </symbol>
      <symbol id="sm-2b9">
         <name>__aeabi_memcpy</name>
         <value>0x2c17</value>
         <object_component_ref idref="oc-37"/>
      </symbol>
      <symbol id="sm-2ba">
         <name>__aeabi_memcpy8</name>
         <value>0x2c17</value>
         <object_component_ref idref="oc-37"/>
      </symbol>
      <symbol id="sm-2bb">
         <name>__aeabi_memcpy4</name>
         <value>0x2c17</value>
         <object_component_ref idref="oc-37"/>
      </symbol>
      <symbol id="sm-2ca">
         <name>__aeabi_memset</name>
         <value>0x2f8f</value>
         <object_component_ref idref="oc-50"/>
      </symbol>
      <symbol id="sm-2cb">
         <name>memset</name>
         <value>0x2f95</value>
         <object_component_ref idref="oc-50"/>
      </symbol>
      <symbol id="sm-2cc">
         <name>__aeabi_memset8</name>
         <value>0x2f8f</value>
         <object_component_ref idref="oc-50"/>
      </symbol>
      <symbol id="sm-2cd">
         <name>__aeabi_memset4</name>
         <value>0x2f8f</value>
         <object_component_ref idref="oc-50"/>
      </symbol>
      <symbol id="sm-2ce">
         <name>__aeabi_memclr8</name>
         <value>0x2f8d</value>
         <object_component_ref idref="oc-50"/>
      </symbol>
      <symbol id="sm-2cf">
         <name>__aeabi_memclr4</name>
         <value>0x2f8d</value>
         <object_component_ref idref="oc-50"/>
      </symbol>
      <symbol id="sm-2d0">
         <name>__aeabi_memclr</name>
         <value>0x2f8d</value>
         <object_component_ref idref="oc-50"/>
      </symbol>
      <symbol id="sm-2da">
         <name>_system_pre_init</name>
         <value>0x3745</value>
         <object_component_ref idref="oc-5c"/>
      </symbol>
      <symbol id="sm-2f3">
         <name>printf</name>
         <value>0x3011</value>
         <object_component_ref idref="oc-cd"/>
      </symbol>
      <symbol id="sm-314">
         <name>setvbuf</name>
         <value>0x2909</value>
         <object_component_ref idref="oc-129"/>
      </symbol>
      <symbol id="sm-31c">
         <name>main_func_sp</name>
         <value>0x2000072c</value>
         <object_component_ref idref="oc-74"/>
      </symbol>
      <symbol id="sm-32c">
         <name>strchr</name>
         <value>0x36d1</value>
         <object_component_ref idref="oc-18f"/>
      </symbol>
      <symbol id="sm-33b">
         <name>strcmp</name>
         <value>0x36b9</value>
         <object_component_ref idref="oc-1c2"/>
      </symbol>
      <symbol id="sm-34b">
         <name>strncpy</name>
         <value>0x354d</value>
         <object_component_ref idref="oc-1c8"/>
      </symbol>
      <symbol id="sm-36c">
         <name>HOSTgetenv</name>
         <value>0x1aff</value>
         <object_component_ref idref="oc-243"/>
      </symbol>
      <symbol id="sm-36d">
         <name>HOSTrename</name>
         <value>0x19a7</value>
         <object_component_ref idref="oc-243"/>
      </symbol>
      <symbol id="sm-36e">
         <name>HOSTclose</name>
         <value>0x1b3d</value>
         <object_component_ref idref="oc-243"/>
      </symbol>
      <symbol id="sm-36f">
         <name>HOSTunlink</name>
         <value>0x1935</value>
         <object_component_ref idref="oc-243"/>
      </symbol>
      <symbol id="sm-370">
         <name>HOSTlseek</name>
         <value>0x1aa3</value>
         <object_component_ref idref="oc-243"/>
      </symbol>
      <symbol id="sm-371">
         <name>HOSTopen</name>
         <value>0x1a51</value>
         <object_component_ref idref="oc-243"/>
      </symbol>
      <symbol id="sm-372">
         <name>HOSTclock</name>
         <value>0x1b75</value>
         <object_component_ref idref="oc-243"/>
      </symbol>
      <symbol id="sm-373">
         <name>HOSTwrite</name>
         <value>0x18e9</value>
         <object_component_ref idref="oc-243"/>
      </symbol>
      <symbol id="sm-374">
         <name>HOSTread</name>
         <value>0x1a05</value>
         <object_component_ref idref="oc-243"/>
      </symbol>
      <symbol id="sm-375">
         <name>HOSTtime</name>
         <value>0x196d</value>
         <object_component_ref idref="oc-243"/>
      </symbol>
      <symbol id="sm-390">
         <name>__TI_readmsg</name>
         <value>0x3183</value>
         <object_component_ref idref="oc-297"/>
      </symbol>
      <symbol id="sm-391">
         <name>C$$IO$$</name>
         <value>0x317f</value>
         <object_component_ref idref="oc-297"/>
      </symbol>
      <symbol id="sm-392">
         <name>__CIOBUF_</name>
         <value>0x20000730</value>
         <object_component_ref idref="oc-2cf"/>
      </symbol>
      <symbol id="sm-393">
         <name>__TI_writemsg</name>
         <value>0x3151</value>
         <object_component_ref idref="oc-297"/>
      </symbol>
      <symbol id="sm-3ac">
         <name>_nop</name>
         <value>0x36f7</value>
         <object_component_ref idref="oc-eb"/>
      </symbol>
      <symbol id="sm-3ad">
         <name>_lock</name>
         <value>0x2000070c</value>
         <object_component_ref idref="oc-a8"/>
      </symbol>
      <symbol id="sm-3ae">
         <name>_unlock</name>
         <value>0x20000710</value>
         <object_component_ref idref="oc-a8"/>
      </symbol>
      <symbol id="sm-3af">
         <name>_register_lock</name>
         <value>0x36ef</value>
         <object_component_ref idref="oc-eb"/>
      </symbol>
      <symbol id="sm-3b0">
         <name>_register_unlock</name>
         <value>0x36e9</value>
         <object_component_ref idref="oc-eb"/>
      </symbol>
      <symbol id="sm-4b5">
         <name>__TI_printfi</name>
         <value>0xef9</value>
         <object_component_ref idref="oc-10c"/>
      </symbol>
      <symbol id="sm-4ca">
         <name>_args_main</name>
         <value>0x36a1</value>
         <object_component_ref idref="oc-68"/>
      </symbol>
      <symbol id="sm-4e0">
         <name>atoi</name>
         <value>0x337d</value>
         <object_component_ref idref="oc-1a1"/>
      </symbol>
      <symbol id="sm-506">
         <name>__TI_auto_init</name>
         <value>0x3079</value>
         <object_component_ref idref="oc-62"/>
      </symbol>
      <symbol id="sm-520">
         <name>copy_in</name>
         <value>0x33c9</value>
         <object_component_ref idref="oc-98"/>
      </symbol>
      <symbol id="sm-52b">
         <name>_ctypes_</name>
         <value>0x3748</value>
         <object_component_ref idref="oc-231"/>
      </symbol>
      <symbol id="sm-541">
         <name>__TI_closefile</name>
         <value>0x2d51</value>
         <object_component_ref idref="oc-1d4"/>
      </symbol>
      <symbol id="sm-542">
         <name>fclose</name>
         <value>0x2db7</value>
         <object_component_ref idref="oc-1d4"/>
      </symbol>
      <symbol id="sm-566">
         <name>__aeabi_dsub</name>
         <value>0x217d</value>
         <object_component_ref idref="oc-17e"/>
      </symbol>
      <symbol id="sm-567">
         <name>__aeabi_dadd</name>
         <value>0x2187</value>
         <object_component_ref idref="oc-17e"/>
      </symbol>
      <symbol id="sm-58e">
         <name>__aeabi_cdcmpeq</name>
         <value>0x2e81</value>
         <object_component_ref idref="oc-15a"/>
      </symbol>
      <symbol id="sm-58f">
         <name>__aeabi_cdcmple</name>
         <value>0x2e81</value>
         <object_component_ref idref="oc-15a"/>
      </symbol>
      <symbol id="sm-590">
         <name>__aeabi_cdrcmple</name>
         <value>0x2f07</value>
         <object_component_ref idref="oc-169"/>
      </symbol>
      <symbol id="sm-5b0">
         <name>__aeabi_ddiv</name>
         <value>0x2491</value>
         <object_component_ref idref="oc-164"/>
      </symbol>
      <symbol id="sm-5c7">
         <name>__aeabi_dmul</name>
         <value>0x280d</value>
         <object_component_ref idref="oc-15f"/>
      </symbol>
      <symbol id="sm-5d5">
         <name>__aeabi_d2iz</name>
         <value>0x3415</value>
         <object_component_ref idref="oc-16e"/>
      </symbol>
      <symbol id="sm-5ef">
         <name>__TI_doflush</name>
         <value>0x29e5</value>
         <object_component_ref idref="oc-13f"/>
      </symbol>
      <symbol id="sm-5f0">
         <name>fflush</name>
         <value>0x2a31</value>
         <object_component_ref idref="oc-13f"/>
      </symbol>
      <symbol id="sm-607">
         <name>putc</name>
         <value>0x2de9</value>
         <object_component_ref idref="oc-100"/>
      </symbol>
      <symbol id="sm-608">
         <name>fputc</name>
         <value>0x2de9</value>
         <object_component_ref idref="oc-100"/>
      </symbol>
      <symbol id="sm-609">
         <name>putchar</name>
         <value>0x2e6d</value>
         <object_component_ref idref="oc-100"/>
      </symbol>
      <symbol id="sm-62b">
         <name>puts</name>
         <value>0x26d5</value>
         <object_component_ref idref="oc-106"/>
      </symbol>
      <symbol id="sm-62c">
         <name>fputs</name>
         <value>0x25c9</value>
         <object_component_ref idref="oc-106"/>
      </symbol>
      <symbol id="sm-639">
         <name>frexp</name>
         <value>0x3639</value>
         <object_component_ref idref="oc-183"/>
      </symbol>
      <symbol id="sm-645">
         <name>__aeabi_i2d</name>
         <value>0x35dd</value>
         <object_component_ref idref="oc-179"/>
      </symbol>
      <symbol id="sm-656">
         <name>ldexp</name>
         <value>0x32db</value>
         <object_component_ref idref="oc-189"/>
      </symbol>
      <symbol id="sm-665">
         <name>ltoa</name>
         <value>0x3285</value>
         <object_component_ref idref="oc-173"/>
      </symbol>
      <symbol id="sm-675">
         <name>memccpy</name>
         <value>0x3683</value>
         <object_component_ref idref="oc-19b"/>
      </symbol>
      <symbol id="sm-685">
         <name>memchr</name>
         <value>0x3663</value>
         <object_component_ref idref="oc-14d"/>
      </symbol>
      <symbol id="sm-6f7">
         <name>_sys_memory</name>
         <value>0x20000000</value>
         <object_component_ref idref="oc-2b"/>
      </symbol>
      <symbol id="sm-6f8">
         <name>free</name>
         <value>0x12f7</value>
         <object_component_ref idref="oc-1e0"/>
      </symbol>
      <symbol id="sm-6f9">
         <name>realloc</name>
         <value>0x13b9</value>
         <object_component_ref idref="oc-1e0"/>
      </symbol>
      <symbol id="sm-6fa">
         <name>memalign</name>
         <value>0x14c5</value>
         <object_component_ref idref="oc-1e0"/>
      </symbol>
      <symbol id="sm-6fb">
         <name>calloc</name>
         <value>0x15a9</value>
         <object_component_ref idref="oc-1e0"/>
      </symbol>
      <symbol id="sm-6fc">
         <name>malloc</name>
         <value>0x128f</value>
         <object_component_ref idref="oc-1e0"/>
      </symbol>
      <symbol id="sm-6fd">
         <name>minit</name>
         <value>0x1201</value>
         <object_component_ref idref="oc-1e0"/>
      </symbol>
      <symbol id="sm-70c">
         <name>strcpy</name>
         <value>0x36fd</value>
         <object_component_ref idref="oc-29d"/>
      </symbol>
      <symbol id="sm-71a">
         <name>strlen</name>
         <value>0x3711</value>
         <object_component_ref idref="oc-147"/>
      </symbol>
      <symbol id="sm-744">
         <name>__aeabi_uldivmod</name>
         <value>0x1dc5</value>
         <object_component_ref idref="oc-155"/>
      </symbol>
      <symbol id="sm-752">
         <name>_Dclass</name>
         <value>0x357d</value>
         <object_component_ref idref="oc-195"/>
      </symbol>
      <symbol id="sm-773">
         <name>_Dscale</name>
         <value>0x26fd</value>
         <object_component_ref idref="oc-21d"/>
      </symbol>
      <symbol id="sm-787">
         <name>_Dunscale</name>
         <value>0x31b9</value>
         <object_component_ref idref="oc-215"/>
      </symbol>
      <symbol id="sm-796">
         <name>_Feraise</name>
         <value>0x35ad</value>
         <object_component_ref idref="oc-223"/>
      </symbol>
      <symbol id="sm-7a6">
         <name>_Rteps</name>
         <value>0x200006d0</value>
         <object_component_ref idref="oc-277"/>
      </symbol>
      <symbol id="sm-7a7">
         <name>_Zero</name>
         <value>0x200006e8</value>
         <object_component_ref idref="oc-277"/>
      </symbol>
      <symbol id="sm-7a8">
         <name>_Hugeval</name>
         <value>0x20000690</value>
         <object_component_ref idref="oc-277"/>
      </symbol>
      <symbol id="sm-7a9">
         <name>_Snan</name>
         <value>0x200006c0</value>
         <object_component_ref idref="oc-277"/>
      </symbol>
      <symbol id="sm-7aa">
         <name>_Nan</name>
         <value>0x200006b0</value>
         <object_component_ref idref="oc-277"/>
      </symbol>
      <symbol id="sm-7ab">
         <name>_Inf</name>
         <value>0x200006a0</value>
         <object_component_ref idref="oc-277"/>
      </symbol>
      <symbol id="sm-7ac">
         <name>_Xbig</name>
         <value>0x200006e0</value>
         <object_component_ref idref="oc-277"/>
      </symbol>
      <symbol id="sm-7ad">
         <name>_Eps</name>
         <value>0x20000680</value>
         <object_component_ref idref="oc-277"/>
      </symbol>
      <symbol id="sm-7ae">
         <name>_Denorm</name>
         <value>0x20000670</value>
         <object_component_ref idref="oc-277"/>
      </symbol>
      <symbol id="sm-7c7">
         <name>__TI_wrt_ok</name>
         <value>0x2b6b</value>
         <object_component_ref idref="oc-139"/>
      </symbol>
      <symbol id="sm-7c8">
         <name>__TI_rd_ok</name>
         <value>0x2bcd</value>
         <object_component_ref idref="oc-139"/>
      </symbol>
      <symbol id="sm-7d0">
         <name>_Errno</name>
         <value>0x20000724</value>
         <object_component_ref idref="oc-282"/>
      </symbol>
      <symbol id="sm-7ee">
         <name>feraiseexcept</name>
         <value>0x3519</value>
         <object_component_ref idref="oc-27c"/>
      </symbol>
      <symbol id="sm-7ef">
         <name>_Tls_setup__Fenv</name>
         <value>0x20000720</value>
         <object_component_ref idref="oc-2c7"/>
      </symbol>
      <symbol id="sm-7f0">
         <name>_Fenv</name>
         <value>0x2000071c</value>
         <object_component_ref idref="oc-2c7"/>
      </symbol>
      <symbol id="sm-802">
         <name>fseek</name>
         <value>0x3221</value>
         <object_component_ref idref="oc-1f9"/>
      </symbol>
      <symbol id="sm-816">
         <name>raise</name>
         <value>0x360b</value>
         <object_component_ref idref="oc-2c1"/>
      </symbol>
      <symbol id="sm-830">
         <name>signal</name>
         <value>0x34a1</value>
         <object_component_ref idref="oc-2da"/>
      </symbol>
      <symbol id="sm-845">
         <name>_Dnorm</name>
         <value>0x2aad</value>
         <object_component_ref idref="oc-26d"/>
      </symbol>
      <symbol id="sm-846">
         <name>__TI_static_base__</name>
         <value>0x0</value>
      </symbol>
      <symbol id="sm-849">
         <name>SHT$$INIT_ARRAY$$Limit</name>
         <value>0x0</value>
      </symbol>
      <symbol id="sm-84a">
         <name>SHT$$INIT_ARRAY$$Base</name>
         <value>0x0</value>
      </symbol>
      <symbol id="sm-84b">
         <name>remove</name>
         <value>0x166d</value>
      </symbol>
   </symbol_table>
   <title>Link successful</title>
</link_info>
