<?xml version="1.0"?>
<link_info>
   <banner>TI ARM Linker PC v5.2.4</banner>
   <copyright>Copyright (c) 1996-2015 Texas Instruments Incorporated</copyright>
   <link_time>0x575f20e2</link_time>
   <link_errors>0x0</link_errors>
   <output_file>Printf_UART_MSP432.out</output_file>
   <entry_point>
      <name>_c_int00</name>
      <address>0x3349</address>
   </entry_point>
   <input_file_list>
      <input_file id="fl-2">
         <path>.\</path>
         <kind>object</kind>
         <file>UART.obj</file>
         <name>UART.obj</name>
      </input_file>
      <input_file id="fl-3">
         <path>.\</path>
         <kind>object</kind>
         <file>main.obj</file>
         <name>main.obj</name>
      </input_file>
      <input_file id="fl-4">
         <path>.\</path>
         <kind>object</kind>
         <file>msp432_startup_ccs.obj</file>
         <name>msp432_startup_ccs.obj</name>
      </input_file>
      <input_file id="fl-12a">
         <path>C:\ti\ccsv6\tools\compiler\ti-cgt-arm_5.2.4\lib\</path>
         <kind>archive</kind>
         <file>rtsv7M4_T_le_v4SPD16_eabi.lib</file>
         <name>boot.obj</name>
      </input_file>
      <input_file id="fl-12b">
         <path>C:\ti\ccsv6\tools\compiler\ti-cgt-arm_5.2.4\lib\</path>
         <kind>archive</kind>
         <file>rtsv7M4_T_le_v4SPD16_eabi.lib</file>
         <name>copy_decompress_none.obj</name>
      </input_file>
      <input_file id="fl-12c">
         <path>C:\ti\ccsv6\tools\compiler\ti-cgt-arm_5.2.4\lib\</path>
         <kind>archive</kind>
         <file>rtsv7M4_T_le_v4SPD16_eabi.lib</file>
         <name>copy_decompress_rle.obj</name>
      </input_file>
      <input_file id="fl-12d">
         <path>C:\ti\ccsv6\tools\compiler\ti-cgt-arm_5.2.4\lib\</path>
         <kind>archive</kind>
         <file>rtsv7M4_T_le_v4SPD16_eabi.lib</file>
         <name>copy_zero_init.obj</name>
      </input_file>
      <input_file id="fl-12e">
         <path>C:\ti\ccsv6\tools\compiler\ti-cgt-arm_5.2.4\lib\</path>
         <kind>archive</kind>
         <file>rtsv7M4_T_le_v4SPD16_eabi.lib</file>
         <name>defs.obj</name>
      </input_file>
      <input_file id="fl-12f">
         <path>C:\ti\ccsv6\tools\compiler\ti-cgt-arm_5.2.4\lib\</path>
         <kind>archive</kind>
         <file>rtsv7M4_T_le_v4SPD16_eabi.lib</file>
         <name>exit.obj</name>
      </input_file>
      <input_file id="fl-130">
         <path>C:\ti\ccsv6\tools\compiler\ti-cgt-arm_5.2.4\lib\</path>
         <kind>archive</kind>
         <file>rtsv7M4_T_le_v4SPD16_eabi.lib</file>
         <name>fopen.obj</name>
      </input_file>
      <input_file id="fl-131">
         <path>C:\ti\ccsv6\tools\compiler\ti-cgt-arm_5.2.4\lib\</path>
         <kind>archive</kind>
         <file>rtsv7M4_T_le_v4SPD16_eabi.lib</file>
         <name>fs_tod_t2.obj</name>
      </input_file>
      <input_file id="fl-132">
         <path>C:\ti\ccsv6\tools\compiler\ti-cgt-arm_5.2.4\lib\</path>
         <kind>archive</kind>
         <file>rtsv7M4_T_le_v4SPD16_eabi.lib</file>
         <name>lowlev.obj</name>
      </input_file>
      <input_file id="fl-133">
         <path>C:\ti\ccsv6\tools\compiler\ti-cgt-arm_5.2.4\lib\</path>
         <kind>archive</kind>
         <file>rtsv7M4_T_le_v4SPD16_eabi.lib</file>
         <name>memcpy_t2.obj</name>
      </input_file>
      <input_file id="fl-134">
         <path>C:\ti\ccsv6\tools\compiler\ti-cgt-arm_5.2.4\lib\</path>
         <kind>archive</kind>
         <file>rtsv7M4_T_le_v4SPD16_eabi.lib</file>
         <name>memset_t2.obj</name>
      </input_file>
      <input_file id="fl-135">
         <path>C:\ti\ccsv6\tools\compiler\ti-cgt-arm_5.2.4\lib\</path>
         <kind>archive</kind>
         <file>rtsv7M4_T_le_v4SPD16_eabi.lib</file>
         <name>pre_init.obj</name>
      </input_file>
      <input_file id="fl-136">
         <path>C:\ti\ccsv6\tools\compiler\ti-cgt-arm_5.2.4\lib\</path>
         <kind>archive</kind>
         <file>rtsv7M4_T_le_v4SPD16_eabi.lib</file>
         <name>printf.obj</name>
      </input_file>
      <input_file id="fl-137">
         <path>C:\ti\ccsv6\tools\compiler\ti-cgt-arm_5.2.4\lib\</path>
         <kind>archive</kind>
         <file>rtsv7M4_T_le_v4SPD16_eabi.lib</file>
         <name>setvbuf.obj</name>
      </input_file>
      <input_file id="fl-138">
         <path>C:\ti\ccsv6\tools\compiler\ti-cgt-arm_5.2.4\lib\</path>
         <kind>archive</kind>
         <file>rtsv7M4_T_le_v4SPD16_eabi.lib</file>
         <name>stkdepth_vars.obj</name>
      </input_file>
      <input_file id="fl-139">
         <path>C:\ti\ccsv6\tools\compiler\ti-cgt-arm_5.2.4\lib\</path>
         <kind>archive</kind>
         <file>rtsv7M4_T_le_v4SPD16_eabi.lib</file>
         <name>strchr.obj</name>
      </input_file>
      <input_file id="fl-13a">
         <path>C:\ti\ccsv6\tools\compiler\ti-cgt-arm_5.2.4\lib\</path>
         <kind>archive</kind>
         <file>rtsv7M4_T_le_v4SPD16_eabi.lib</file>
         <name>strcmp.obj</name>
      </input_file>
      <input_file id="fl-13b">
         <path>C:\ti\ccsv6\tools\compiler\ti-cgt-arm_5.2.4\lib\</path>
         <kind>archive</kind>
         <file>rtsv7M4_T_le_v4SPD16_eabi.lib</file>
         <name>strncpy.obj</name>
      </input_file>
      <input_file id="fl-13c">
         <path>C:\ti\ccsv6\tools\compiler\ti-cgt-arm_5.2.4\lib\</path>
         <kind>archive</kind>
         <file>rtsv7M4_T_le_v4SPD16_eabi.lib</file>
         <name>trgdrv.obj</name>
      </input_file>
      <input_file id="fl-13d">
         <path>C:\ti\ccsv6\tools\compiler\ti-cgt-arm_5.2.4\lib\</path>
         <kind>archive</kind>
         <file>rtsv7M4_T_le_v4SPD16_eabi.lib</file>
         <name>trgmsg.obj</name>
      </input_file>
      <input_file id="fl-13e">
         <path>C:\ti\ccsv6\tools\compiler\ti-cgt-arm_5.2.4\lib\</path>
         <kind>archive</kind>
         <file>rtsv7M4_T_le_v4SPD16_eabi.lib</file>
         <name>_lock.obj</name>
      </input_file>
      <input_file id="fl-13f">
         <path>C:\ti\ccsv6\tools\compiler\ti-cgt-arm_5.2.4\lib\</path>
         <kind>archive</kind>
         <file>rtsv7M4_T_le_v4SPD16_eabi.lib</file>
         <name>_printfi.obj</name>
      </input_file>
      <input_file id="fl-140">
         <path>C:\ti\ccsv6\tools\compiler\ti-cgt-arm_5.2.4\lib\</path>
         <kind>archive</kind>
         <file>rtsv7M4_T_le_v4SPD16_eabi.lib</file>
         <name>args_main.obj</name>
      </input_file>
      <input_file id="fl-141">
         <path>C:\ti\ccsv6\tools\compiler\ti-cgt-arm_5.2.4\lib\</path>
         <kind>archive</kind>
         <file>rtsv7M4_T_le_v4SPD16_eabi.lib</file>
         <name>atoi.obj</name>
      </input_file>
      <input_file id="fl-142">
         <path>C:\ti\ccsv6\tools\compiler\ti-cgt-arm_5.2.4\lib\</path>
         <kind>archive</kind>
         <file>rtsv7M4_T_le_v4SPD16_eabi.lib</file>
         <name>autoinit.obj</name>
      </input_file>
      <input_file id="fl-143">
         <path>C:\ti\ccsv6\tools\compiler\ti-cgt-arm_5.2.4\lib\</path>
         <kind>archive</kind>
         <file>rtsv7M4_T_le_v4SPD16_eabi.lib</file>
         <name>cpy_tbl.obj</name>
      </input_file>
      <input_file id="fl-144">
         <path>C:\ti\ccsv6\tools\compiler\ti-cgt-arm_5.2.4\lib\</path>
         <kind>archive</kind>
         <file>rtsv7M4_T_le_v4SPD16_eabi.lib</file>
         <name>ctype.obj</name>
      </input_file>
      <input_file id="fl-145">
         <path>C:\ti\ccsv6\tools\compiler\ti-cgt-arm_5.2.4\lib\</path>
         <kind>archive</kind>
         <file>rtsv7M4_T_le_v4SPD16_eabi.lib</file>
         <name>fclose.obj</name>
      </input_file>
      <input_file id="fl-146">
         <path>C:\ti\ccsv6\tools\compiler\ti-cgt-arm_5.2.4\lib\</path>
         <kind>archive</kind>
         <file>rtsv7M4_T_le_v4SPD16_eabi.lib</file>
         <name>fd_add_t2.obj</name>
      </input_file>
      <input_file id="fl-147">
         <path>C:\ti\ccsv6\tools\compiler\ti-cgt-arm_5.2.4\lib\</path>
         <kind>archive</kind>
         <file>rtsv7M4_T_le_v4SPD16_eabi.lib</file>
         <name>fd_cmp_t2.obj</name>
      </input_file>
      <input_file id="fl-148">
         <path>C:\ti\ccsv6\tools\compiler\ti-cgt-arm_5.2.4\lib\</path>
         <kind>archive</kind>
         <file>rtsv7M4_T_le_v4SPD16_eabi.lib</file>
         <name>fd_div_t2.obj</name>
      </input_file>
      <input_file id="fl-149">
         <path>C:\ti\ccsv6\tools\compiler\ti-cgt-arm_5.2.4\lib\</path>
         <kind>archive</kind>
         <file>rtsv7M4_T_le_v4SPD16_eabi.lib</file>
         <name>fd_mul_t2.obj</name>
      </input_file>
      <input_file id="fl-14a">
         <path>C:\ti\ccsv6\tools\compiler\ti-cgt-arm_5.2.4\lib\</path>
         <kind>archive</kind>
         <file>rtsv7M4_T_le_v4SPD16_eabi.lib</file>
         <name>fd_toi_t2.obj</name>
      </input_file>
      <input_file id="fl-14b">
         <path>C:\ti\ccsv6\tools\compiler\ti-cgt-arm_5.2.4\lib\</path>
         <kind>archive</kind>
         <file>rtsv7M4_T_le_v4SPD16_eabi.lib</file>
         <name>fflush.obj</name>
      </input_file>
      <input_file id="fl-14c">
         <path>C:\ti\ccsv6\tools\compiler\ti-cgt-arm_5.2.4\lib\</path>
         <kind>archive</kind>
         <file>rtsv7M4_T_le_v4SPD16_eabi.lib</file>
         <name>fputc.obj</name>
      </input_file>
      <input_file id="fl-14d">
         <path>C:\ti\ccsv6\tools\compiler\ti-cgt-arm_5.2.4\lib\</path>
         <kind>archive</kind>
         <file>rtsv7M4_T_le_v4SPD16_eabi.lib</file>
         <name>fputs.obj</name>
      </input_file>
      <input_file id="fl-14e">
         <path>C:\ti\ccsv6\tools\compiler\ti-cgt-arm_5.2.4\lib\</path>
         <kind>archive</kind>
         <file>rtsv7M4_T_le_v4SPD16_eabi.lib</file>
         <name>frexp.obj</name>
      </input_file>
      <input_file id="fl-14f">
         <path>C:\ti\ccsv6\tools\compiler\ti-cgt-arm_5.2.4\lib\</path>
         <kind>archive</kind>
         <file>rtsv7M4_T_le_v4SPD16_eabi.lib</file>
         <name>i_tofd_t2.obj</name>
      </input_file>
      <input_file id="fl-150">
         <path>C:\ti\ccsv6\tools\compiler\ti-cgt-arm_5.2.4\lib\</path>
         <kind>archive</kind>
         <file>rtsv7M4_T_le_v4SPD16_eabi.lib</file>
         <name>ldexp.obj</name>
      </input_file>
      <input_file id="fl-151">
         <path>C:\ti\ccsv6\tools\compiler\ti-cgt-arm_5.2.4\lib\</path>
         <kind>archive</kind>
         <file>rtsv7M4_T_le_v4SPD16_eabi.lib</file>
         <name>ltoa.obj</name>
      </input_file>
      <input_file id="fl-152">
         <path>C:\ti\ccsv6\tools\compiler\ti-cgt-arm_5.2.4\lib\</path>
         <kind>archive</kind>
         <file>rtsv7M4_T_le_v4SPD16_eabi.lib</file>
         <name>memccpy.obj</name>
      </input_file>
      <input_file id="fl-153">
         <path>C:\ti\ccsv6\tools\compiler\ti-cgt-arm_5.2.4\lib\</path>
         <kind>archive</kind>
         <file>rtsv7M4_T_le_v4SPD16_eabi.lib</file>
         <name>memchr.obj</name>
      </input_file>
      <input_file id="fl-154">
         <path>C:\ti\ccsv6\tools\compiler\ti-cgt-arm_5.2.4\lib\</path>
         <kind>archive</kind>
         <file>rtsv7M4_T_le_v4SPD16_eabi.lib</file>
         <name>memory.obj</name>
      </input_file>
      <input_file id="fl-155">
         <path>C:\ti\ccsv6\tools\compiler\ti-cgt-arm_5.2.4\lib\</path>
         <kind>archive</kind>
         <file>rtsv7M4_T_le_v4SPD16_eabi.lib</file>
         <name>remove.obj</name>
      </input_file>
      <input_file id="fl-156">
         <path>C:\ti\ccsv6\tools\compiler\ti-cgt-arm_5.2.4\lib\</path>
         <kind>archive</kind>
         <file>rtsv7M4_T_le_v4SPD16_eabi.lib</file>
         <name>strcpy.obj</name>
      </input_file>
      <input_file id="fl-157">
         <path>C:\ti\ccsv6\tools\compiler\ti-cgt-arm_5.2.4\lib\</path>
         <kind>archive</kind>
         <file>rtsv7M4_T_le_v4SPD16_eabi.lib</file>
         <name>strlen.obj</name>
      </input_file>
      <input_file id="fl-158">
         <path>C:\ti\ccsv6\tools\compiler\ti-cgt-arm_5.2.4\lib\</path>
         <kind>archive</kind>
         <file>rtsv7M4_T_le_v4SPD16_eabi.lib</file>
         <name>ull_div_t2.obj</name>
      </input_file>
      <input_file id="fl-159">
         <path>C:\ti\ccsv6\tools\compiler\ti-cgt-arm_5.2.4\lib\</path>
         <kind>archive</kind>
         <file>rtsv7M4_T_le_v4SPD16_eabi.lib</file>
         <name>xdclass.obj</name>
      </input_file>
      <input_file id="fl-15a">
         <path>C:\ti\ccsv6\tools\compiler\ti-cgt-arm_5.2.4\lib\</path>
         <kind>archive</kind>
         <file>rtsv7M4_T_le_v4SPD16_eabi.lib</file>
         <name>xdscale.obj</name>
      </input_file>
      <input_file id="fl-15b">
         <path>C:\ti\ccsv6\tools\compiler\ti-cgt-arm_5.2.4\lib\</path>
         <kind>archive</kind>
         <file>rtsv7M4_T_le_v4SPD16_eabi.lib</file>
         <name>xdunscal.obj</name>
      </input_file>
      <input_file id="fl-15c">
         <path>C:\ti\ccsv6\tools\compiler\ti-cgt-arm_5.2.4\lib\</path>
         <kind>archive</kind>
         <file>rtsv7M4_T_le_v4SPD16_eabi.lib</file>
         <name>xferaise.obj</name>
      </input_file>
      <input_file id="fl-15d">
         <path>C:\ti\ccsv6\tools\compiler\ti-cgt-arm_5.2.4\lib\</path>
         <kind>archive</kind>
         <file>rtsv7M4_T_le_v4SPD16_eabi.lib</file>
         <name>xvalues.obj</name>
      </input_file>
      <input_file id="fl-15e">
         <path>C:\ti\ccsv6\tools\compiler\ti-cgt-arm_5.2.4\lib\</path>
         <kind>archive</kind>
         <file>rtsv7M4_T_le_v4SPD16_eabi.lib</file>
         <name>_io_perm.obj</name>
      </input_file>
      <input_file id="fl-15f">
         <path>C:\ti\ccsv6\tools\compiler\ti-cgt-arm_5.2.4\lib\</path>
         <kind>archive</kind>
         <file>rtsv7M4_T_le_v4SPD16_eabi.lib</file>
         <name>errno.obj</name>
      </input_file>
      <input_file id="fl-160">
         <path>C:\ti\ccsv6\tools\compiler\ti-cgt-arm_5.2.4\lib\</path>
         <kind>archive</kind>
         <file>rtsv7M4_T_le_v4SPD16_eabi.lib</file>
         <name>feraiseexcept.obj</name>
      </input_file>
      <input_file id="fl-161">
         <path>C:\ti\ccsv6\tools\compiler\ti-cgt-arm_5.2.4\lib\</path>
         <kind>archive</kind>
         <file>rtsv7M4_T_le_v4SPD16_eabi.lib</file>
         <name>fseek.obj</name>
      </input_file>
      <input_file id="fl-162">
         <path>C:\ti\ccsv6\tools\compiler\ti-cgt-arm_5.2.4\lib\</path>
         <kind>archive</kind>
         <file>rtsv7M4_T_le_v4SPD16_eabi.lib</file>
         <name>raise.obj</name>
      </input_file>
      <input_file id="fl-163">
         <path>C:\ti\ccsv6\tools\compiler\ti-cgt-arm_5.2.4\lib\</path>
         <kind>archive</kind>
         <file>rtsv7M4_T_le_v4SPD16_eabi.lib</file>
         <name>signal.obj</name>
      </input_file>
      <input_file id="fl-164">
         <path>C:\ti\ccsv6\tools\compiler\ti-cgt-arm_5.2.4\lib\</path>
         <kind>archive</kind>
         <file>rtsv7M4_T_le_v4SPD16_eabi.lib</file>
         <name>xdnorm.obj</name>
      </input_file>
   </input_file_list>
   <object_component_list>
      <object_component id="oc-10">
         <name>.intvecs</name>
         <load_address>0x0</load_address>
         <run_address>0x0</run_address>
         <size>0x144</size>
         <input_file_ref idref="fl-4"/>
      </object_component>
      <object_component id="oc-10c">
         <name>.text</name>
         <load_address>0x144</load_address>
         <run_address>0x144</run_address>
         <size>0x10ba</size>
         <input_file_ref idref="fl-13f"/>
      </object_component>
      <object_component id="oc-1e0">
         <name>.text</name>
         <load_address>0x1200</load_address>
         <run_address>0x1200</run_address>
         <size>0x3dc</size>
         <input_file_ref idref="fl-154"/>
      </object_component>
      <object_component id="oc-11d">
         <name>.text</name>
         <load_address>0x15dc</load_address>
         <run_address>0x15dc</run_address>
         <size>0x30c</size>
         <input_file_ref idref="fl-132"/>
      </object_component>
      <object_component id="oc-243">
         <name>.text</name>
         <load_address>0x18e8</load_address>
         <run_address>0x18e8</run_address>
         <size>0x2d4</size>
         <input_file_ref idref="fl-13c"/>
      </object_component>
      <object_component id="oc-d8">
         <name>.text</name>
         <load_address>0x1bbc</load_address>
         <run_address>0x1bbc</run_address>
         <size>0x224</size>
         <input_file_ref idref="fl-2"/>
      </object_component>
      <object_component id="oc-155">
         <name>.text</name>
         <load_address>0x1de0</load_address>
         <run_address>0x1de0</run_address>
         <size>0x1f4</size>
         <input_file_ref idref="fl-158"/>
      </object_component>
      <object_component id="oc-123">
         <name>.text</name>
         <load_address>0x1fd4</load_address>
         <run_address>0x1fd4</run_address>
         <size>0x1c4</size>
         <input_file_ref idref="fl-130"/>
      </object_component>
      <object_component id="oc-17e">
         <name>.text</name>
         <load_address>0x2198</load_address>
         <run_address>0x2198</run_address>
         <size>0x1b6</size>
         <input_file_ref idref="fl-146"/>
      </object_component>
      <object_component id="oc-a0">
         <name>.text</name>
         <load_address>0x2350</load_address>
         <run_address>0x2350</run_address>
         <size>0x15c</size>
         <input_file_ref idref="fl-3"/>
      </object_component>
      <object_component id="oc-164">
         <name>.text</name>
         <load_address>0x24ac</load_address>
         <run_address>0x24ac</run_address>
         <size>0x136</size>
         <input_file_ref idref="fl-148"/>
      </object_component>
      <object_component id="oc-106">
         <name>.text</name>
         <load_address>0x25e4</load_address>
         <run_address>0x25e4</run_address>
         <size>0x134</size>
         <input_file_ref idref="fl-14d"/>
      </object_component>
      <object_component id="oc-21d">
         <name>.text</name>
         <load_address>0x2718</load_address>
         <run_address>0x2718</run_address>
         <size>0x110</size>
         <input_file_ref idref="fl-15a"/>
      </object_component>
      <object_component id="oc-15f">
         <name>.text</name>
         <load_address>0x2828</load_address>
         <run_address>0x2828</run_address>
         <size>0xfc</size>
         <input_file_ref idref="fl-149"/>
      </object_component>
      <object_component id="oc-129">
         <name>.text</name>
         <load_address>0x2924</load_address>
         <run_address>0x2924</run_address>
         <size>0xdc</size>
         <input_file_ref idref="fl-137"/>
      </object_component>
      <object_component id="oc-13f">
         <name>.text</name>
         <load_address>0x2a00</load_address>
         <run_address>0x2a00</run_address>
         <size>0xc8</size>
         <input_file_ref idref="fl-14b"/>
      </object_component>
      <object_component id="oc-26d">
         <name>.text</name>
         <load_address>0x2ac8</load_address>
         <run_address>0x2ac8</run_address>
         <size>0xbe</size>
         <input_file_ref idref="fl-164"/>
      </object_component>
      <object_component id="oc-139">
         <name>.text</name>
         <load_address>0x2b86</load_address>
         <run_address>0x2b86</run_address>
         <size>0xac</size>
         <input_file_ref idref="fl-15e"/>
      </object_component>
      <object_component id="oc-37">
         <name>.text</name>
         <load_address>0x2c32</load_address>
         <run_address>0x2c32</run_address>
         <size>0x9c</size>
         <input_file_ref idref="fl-133"/>
      </object_component>
      <object_component id="oc-2e">
         <name>.text</name>
         <load_address>0x2cd0</load_address>
         <run_address>0x2cd0</run_address>
         <size>0x9a</size>
         <input_file_ref idref="fl-4"/>
      </object_component>
      <object_component id="oc-1d4">
         <name>.text</name>
         <load_address>0x2d6c</load_address>
         <run_address>0x2d6c</run_address>
         <size>0x98</size>
         <input_file_ref idref="fl-145"/>
      </object_component>
      <object_component id="oc-100">
         <name>.text</name>
         <load_address>0x2e04</load_address>
         <run_address>0x2e04</run_address>
         <size>0x98</size>
         <input_file_ref idref="fl-14c"/>
      </object_component>
      <object_component id="oc-15a">
         <name>.text:__aeabi_cdcmple</name>
         <load_address>0x2e9c</load_address>
         <run_address>0x2e9c</run_address>
         <size>0x86</size>
         <input_file_ref idref="fl-147"/>
      </object_component>
      <object_component id="oc-169">
         <name>.text:__aeabi_cdrcmple</name>
         <load_address>0x2f22</load_address>
         <run_address>0x2f22</run_address>
         <size>0x86</size>
         <input_file_ref idref="fl-147"/>
      </object_component>
      <object_component id="oc-50">
         <name>.text</name>
         <load_address>0x2fa8</load_address>
         <run_address>0x2fa8</run_address>
         <size>0x7a</size>
         <input_file_ref idref="fl-134"/>
      </object_component>
      <object_component id="oc-cd">
         <name>.text</name>
         <load_address>0x3024</load_address>
         <run_address>0x3024</run_address>
         <size>0x70</size>
         <input_file_ref idref="fl-136"/>
      </object_component>
      <object_component id="oc-62">
         <name>.text</name>
         <load_address>0x3094</load_address>
         <run_address>0x3094</run_address>
         <size>0x6c</size>
         <input_file_ref idref="fl-142"/>
      </object_component>
      <object_component id="oc-43">
         <name>.text</name>
         <load_address>0x3100</load_address>
         <run_address>0x3100</run_address>
         <size>0x6a</size>
         <input_file_ref idref="fl-12c"/>
      </object_component>
      <object_component id="oc-297">
         <name>.text</name>
         <load_address>0x316c</load_address>
         <run_address>0x316c</run_address>
         <size>0x68</size>
         <input_file_ref idref="fl-13d"/>
      </object_component>
      <object_component id="oc-215">
         <name>.text</name>
         <load_address>0x31d4</load_address>
         <run_address>0x31d4</run_address>
         <size>0x66</size>
         <input_file_ref idref="fl-15b"/>
      </object_component>
      <object_component id="oc-1f9">
         <name>.text</name>
         <load_address>0x323c</load_address>
         <run_address>0x323c</run_address>
         <size>0x64</size>
         <input_file_ref idref="fl-161"/>
      </object_component>
      <object_component id="oc-173">
         <name>.text</name>
         <load_address>0x32a0</load_address>
         <run_address>0x32a0</run_address>
         <size>0x56</size>
         <input_file_ref idref="fl-151"/>
      </object_component>
      <object_component id="oc-189">
         <name>.text</name>
         <load_address>0x32f6</load_address>
         <run_address>0x32f6</run_address>
         <size>0x52</size>
         <input_file_ref idref="fl-150"/>
      </object_component>
      <object_component id="oc-25">
         <name>.text</name>
         <load_address>0x3348</load_address>
         <run_address>0x3348</run_address>
         <size>0x50</size>
         <input_file_ref idref="fl-12a"/>
      </object_component>
      <object_component id="oc-1a1">
         <name>.text</name>
         <load_address>0x3398</load_address>
         <run_address>0x3398</run_address>
         <size>0x4c</size>
         <input_file_ref idref="fl-141"/>
      </object_component>
      <object_component id="oc-98">
         <name>.text</name>
         <load_address>0x33e4</load_address>
         <run_address>0x33e4</run_address>
         <size>0x4c</size>
         <input_file_ref idref="fl-143"/>
      </object_component>
      <object_component id="oc-16e">
         <name>.text</name>
         <load_address>0x3430</load_address>
         <run_address>0x3430</run_address>
         <size>0x48</size>
         <input_file_ref idref="fl-14a"/>
      </object_component>
      <object_component id="oc-6e">
         <name>.text</name>
         <load_address>0x3478</load_address>
         <run_address>0x3478</run_address>
         <size>0x44</size>
         <input_file_ref idref="fl-12f"/>
      </object_component>
      <object_component id="oc-2da">
         <name>.text</name>
         <load_address>0x34bc</load_address>
         <run_address>0x34bc</run_address>
         <size>0x40</size>
         <input_file_ref idref="fl-163"/>
      </object_component>
      <object_component id="oc-d3">
         <name>.text</name>
         <load_address>0x34fc</load_address>
         <run_address>0x34fc</run_address>
         <size>0x38</size>
         <input_file_ref idref="fl-131"/>
      </object_component>
      <object_component id="oc-27c">
         <name>.text</name>
         <load_address>0x3534</load_address>
         <run_address>0x3534</run_address>
         <size>0x34</size>
         <input_file_ref idref="fl-160"/>
      </object_component>
      <object_component id="oc-1c8">
         <name>.text</name>
         <load_address>0x3568</load_address>
         <run_address>0x3568</run_address>
         <size>0x30</size>
         <input_file_ref idref="fl-13b"/>
      </object_component>
      <object_component id="oc-195">
         <name>.text</name>
         <load_address>0x3598</load_address>
         <run_address>0x3598</run_address>
         <size>0x30</size>
         <input_file_ref idref="fl-159"/>
      </object_component>
      <object_component id="oc-223">
         <name>.text</name>
         <load_address>0x35c8</load_address>
         <run_address>0x35c8</run_address>
         <size>0x30</size>
         <input_file_ref idref="fl-15c"/>
      </object_component>
      <object_component id="oc-179">
         <name>.text</name>
         <load_address>0x35f8</load_address>
         <run_address>0x35f8</run_address>
         <size>0x2e</size>
         <input_file_ref idref="fl-14f"/>
      </object_component>
      <object_component id="oc-2c1">
         <name>.text</name>
         <load_address>0x3626</load_address>
         <run_address>0x3626</run_address>
         <size>0x2e</size>
         <input_file_ref idref="fl-162"/>
      </object_component>
      <object_component id="oc-183">
         <name>.text</name>
         <load_address>0x3654</load_address>
         <run_address>0x3654</run_address>
         <size>0x2a</size>
         <input_file_ref idref="fl-14e"/>
      </object_component>
      <object_component id="oc-14d">
         <name>.text</name>
         <load_address>0x367e</load_address>
         <run_address>0x367e</run_address>
         <size>0x20</size>
         <input_file_ref idref="fl-153"/>
      </object_component>
      <object_component id="oc-19b">
         <name>.text</name>
         <load_address>0x369e</load_address>
         <run_address>0x369e</run_address>
         <size>0x1c</size>
         <input_file_ref idref="fl-152"/>
      </object_component>
      <object_component id="oc-68">
         <name>.text</name>
         <load_address>0x36bc</load_address>
         <run_address>0x36bc</run_address>
         <size>0x18</size>
         <input_file_ref idref="fl-140"/>
      </object_component>
      <object_component id="oc-1c2">
         <name>.text</name>
         <load_address>0x36d4</load_address>
         <run_address>0x36d4</run_address>
         <size>0x18</size>
         <input_file_ref idref="fl-13a"/>
      </object_component>
      <object_component id="oc-18f">
         <name>.text</name>
         <load_address>0x36ec</load_address>
         <run_address>0x36ec</run_address>
         <size>0x16</size>
         <input_file_ref idref="fl-139"/>
      </object_component>
      <object_component id="oc-eb">
         <name>.text</name>
         <load_address>0x3704</load_address>
         <run_address>0x3704</run_address>
         <size>0x14</size>
         <input_file_ref idref="fl-13e"/>
      </object_component>
      <object_component id="oc-29d">
         <name>.text</name>
         <load_address>0x3718</load_address>
         <run_address>0x3718</run_address>
         <size>0x14</size>
         <input_file_ref idref="fl-156"/>
      </object_component>
      <object_component id="oc-147">
         <name>.text</name>
         <load_address>0x372c</load_address>
         <run_address>0x372c</run_address>
         <size>0x14</size>
         <input_file_ref idref="fl-157"/>
      </object_component>
      <object_component id="oc-13">
         <name>.text:decompress:none</name>
         <load_address>0x3740</load_address>
         <run_address>0x3740</run_address>
         <size>0xe</size>
         <input_file_ref idref="fl-12b"/>
      </object_component>
      <object_component id="oc-1f">
         <name>.text:decompress:ZI</name>
         <load_address>0x374e</load_address>
         <run_address>0x374e</run_address>
         <size>0xc</size>
         <input_file_ref idref="fl-12d"/>
      </object_component>
      <object_component id="oc-19">
         <name>.text:decompress:rle24</name>
         <load_address>0x375a</load_address>
         <run_address>0x375a</run_address>
         <size>0x6</size>
         <input_file_ref idref="fl-12c"/>
      </object_component>
      <object_component id="oc-5c">
         <name>.text</name>
         <load_address>0x3760</load_address>
         <run_address>0x3760</run_address>
         <size>0x4</size>
         <input_file_ref idref="fl-135"/>
      </object_component>
      <object_component id="oc-231">
         <name>.const:.string:_ctypes_</name>
         <load_address>0x3764</load_address>
         <run_address>0x3764</run_address>
         <size>0x101</size>
         <input_file_ref idref="fl-144"/>
      </object_component>
      <object_component id="oc-326">
         <name>.cinit..data.load</name>
         <load_address>0x3868</load_address>
         <run_address>0x3868</run_address>
         <size>0xa6</size>
      </object_component>
      <object_component id="oc-324">
         <name>__TI_handler_table</name>
         <load_address>0x3910</load_address>
         <run_address>0x3910</run_address>
         <size>0xc</size>
      </object_component>
      <object_component id="oc-327">
         <name>.cinit..bss.load</name>
         <load_address>0x3920</load_address>
         <run_address>0x3920</run_address>
         <size>0x8</size>
      </object_component>
      <object_component id="oc-325">
         <name>__TI_cinit_table</name>
         <load_address>0x3928</load_address>
         <run_address>0x3928</run_address>
         <size>0x10</size>
      </object_component>
      <object_component id="oc-2b">
         <name>.sysmem</name>
         <uninitialized>true</uninitialized>
         <run_address>0x20000000</run_address>
         <size>0x8</size>
         <input_file_ref idref="fl-154"/>
      </object_component>
      <object_component id="oc-329">
         <name>.sysmem</name>
         <uninitialized>true</uninitialized>
         <run_address>0x20000000</run_address>
         <size>0x0</size>
      </object_component>
      <object_component id="oc-2a">
         <name>.stack</name>
         <uninitialized>true</uninitialized>
         <run_address>0x2000fc00</run_address>
         <size>0x0</size>
         <input_file_ref idref="fl-12a"/>
      </object_component>
      <object_component id="oc-328">
         <name>.stack</name>
         <uninitialized>true</uninitialized>
         <run_address>0x2000fc00</run_address>
         <size>0x0</size>
      </object_component>
      <object_component id="oc-252">
         <name>.bss:__TI_tmpnams</name>
         <uninitialized>true</uninitialized>
         <run_address>0x20000850</run_address>
         <size>0xa0</size>
         <input_file_ref idref="fl-12e"/>
      </object_component>
      <object_component id="oc-2cf">
         <name>.bss:__CIOBUF_</name>
         <uninitialized>true</uninitialized>
         <run_address>0x20000730</run_address>
         <size>0x120</size>
         <input_file_ref idref="fl-13d"/>
      </object_component>
      <object_component id="oc-2a3">
         <name>.common:parmbuf</name>
         <uninitialized>true</uninitialized>
         <run_address>0x200008f0</run_address>
         <size>0x8</size>
      </object_component>
      <object_component id="oc-112">
         <name>.data:_ftable</name>
         <load_address>0x20000400</load_address>
         <run_address>0x20000400</run_address>
         <size>0xf0</size>
         <input_file_ref idref="fl-12e"/>
      </object_component>
      <object_component id="oc-1da">
         <name>.data</name>
         <load_address>0x200006f0</load_address>
         <run_address>0x200006f0</run_address>
         <size>0x10</size>
         <input_file_ref idref="fl-12e"/>
      </object_component>
      <object_component id="oc-ab">
         <name>.data</name>
         <load_address>0x20000714</load_address>
         <run_address>0x20000714</run_address>
         <size>0x8</size>
         <input_file_ref idref="fl-12f"/>
      </object_component>
      <object_component id="oc-1dd">
         <name>.data</name>
         <load_address>0x20000728</load_address>
         <run_address>0x20000728</run_address>
         <size>0x4</size>
         <input_file_ref idref="fl-130"/>
      </object_component>
      <object_component id="oc-1ce">
         <name>.data</name>
         <load_address>0x200004f0</load_address>
         <run_address>0x200004f0</run_address>
         <size>0xd0</size>
         <input_file_ref idref="fl-132"/>
      </object_component>
      <object_component id="oc-74">
         <name>.data</name>
         <load_address>0x2000072c</load_address>
         <run_address>0x2000072c</run_address>
         <size>0x4</size>
         <input_file_ref idref="fl-138"/>
      </object_component>
      <object_component id="oc-a8">
         <name>.data</name>
         <load_address>0x2000070c</load_address>
         <run_address>0x2000070c</run_address>
         <size>0x8</size>
         <input_file_ref idref="fl-13e"/>
      </object_component>
      <object_component id="oc-25b">
         <name>.data</name>
         <load_address>0x20000700</load_address>
         <run_address>0x20000700</run_address>
         <size>0xc</size>
         <input_file_ref idref="fl-154"/>
      </object_component>
      <object_component id="oc-277">
         <name>.data</name>
         <load_address>0x20000670</load_address>
         <run_address>0x20000670</run_address>
         <size>0x80</size>
         <input_file_ref idref="fl-15d"/>
      </object_component>
      <object_component id="oc-282">
         <name>.data</name>
         <load_address>0x20000724</load_address>
         <run_address>0x20000724</run_address>
         <size>0x4</size>
         <input_file_ref idref="fl-15f"/>
      </object_component>
      <object_component id="oc-2c7">
         <name>.data</name>
         <load_address>0x2000071c</load_address>
         <run_address>0x2000071c</run_address>
         <size>0x8</size>
         <input_file_ref idref="fl-160"/>
      </object_component>
      <object_component id="oc-2f1">
         <name>.data:sigtable</name>
         <load_address>0x200005c0</load_address>
         <run_address>0x200005c0</run_address>
         <size>0xb0</size>
         <input_file_ref idref="fl-163"/>
      </object_component>
      <object_component id="oc-130">
         <name>.debug_info</name>
         <load_address>0x0</load_address>
         <run_address>0x0</run_address>
         <size>0x4d8</size>
         <input_file_ref idref="fl-2"/>
      </object_component>
      <object_component id="oc-d9">
         <name>.debug_info</name>
         <load_address>0x4d8</load_address>
         <run_address>0x4d8</run_address>
         <size>0x9c9</size>
         <input_file_ref idref="fl-2"/>
      </object_component>
      <object_component id="oc-1ef">
         <name>.debug_info</name>
         <load_address>0xea1</load_address>
         <run_address>0xea1</run_address>
         <size>0xc8</size>
         <input_file_ref idref="fl-2"/>
      </object_component>
      <object_component id="oc-1f4">
         <name>.debug_info</name>
         <load_address>0xf69</load_address>
         <run_address>0xf69</run_address>
         <size>0x103e</size>
         <input_file_ref idref="fl-2"/>
      </object_component>
      <object_component id="oc-7f">
         <name>.debug_info</name>
         <load_address>0x1fa7</load_address>
         <run_address>0x1fa7</run_address>
         <size>0x84</size>
         <input_file_ref idref="fl-2"/>
      </object_component>
      <object_component id="oc-df">
         <name>.debug_info</name>
         <load_address>0x202b</load_address>
         <run_address>0x202b</run_address>
         <size>0x18b</size>
         <input_file_ref idref="fl-2"/>
      </object_component>
      <object_component id="oc-131">
         <name>.debug_info</name>
         <load_address>0x21b6</load_address>
         <run_address>0x21b6</run_address>
         <size>0x2c</size>
         <input_file_ref idref="fl-2"/>
      </object_component>
      <object_component id="oc-117">
         <name>.debug_info</name>
         <load_address>0x21e2</load_address>
         <run_address>0x21e2</run_address>
         <size>0x4e</size>
         <input_file_ref idref="fl-2"/>
      </object_component>
      <object_component id="oc-a1">
         <name>.debug_info</name>
         <load_address>0x2230</load_address>
         <run_address>0x2230</run_address>
         <size>0x26b</size>
         <input_file_ref idref="fl-3"/>
      </object_component>
      <object_component id="oc-36">
         <name>.debug_info</name>
         <load_address>0x249b</load_address>
         <run_address>0x249b</run_address>
         <size>0x107</size>
         <input_file_ref idref="fl-4"/>
      </object_component>
      <object_component id="oc-11">
         <name>.debug_info</name>
         <load_address>0x25a2</load_address>
         <run_address>0x25a2</run_address>
         <size>0xf4</size>
         <input_file_ref idref="fl-4"/>
      </object_component>
      <object_component id="oc-2f">
         <name>.debug_info</name>
         <load_address>0x2696</load_address>
         <run_address>0x2696</run_address>
         <size>0x16a0</size>
         <input_file_ref idref="fl-4"/>
      </object_component>
      <object_component id="oc-27">
         <name>.debug_info</name>
         <load_address>0x3d36</load_address>
         <run_address>0x3d36</run_address>
         <size>0x136</size>
         <input_file_ref idref="fl-12a"/>
      </object_component>
      <object_component id="oc-42">
         <name>.debug_info</name>
         <load_address>0x3e6c</load_address>
         <run_address>0x3e6c</run_address>
         <size>0x123</size>
         <input_file_ref idref="fl-12b"/>
      </object_component>
      <object_component id="oc-14">
         <name>.debug_info</name>
         <load_address>0x3f8f</load_address>
         <run_address>0x3f8f</run_address>
         <size>0x1c2</size>
         <input_file_ref idref="fl-12b"/>
      </object_component>
      <object_component id="oc-3d">
         <name>.debug_info</name>
         <load_address>0x4151</load_address>
         <run_address>0x4151</run_address>
         <size>0x46</size>
         <input_file_ref idref="fl-12b"/>
      </object_component>
      <object_component id="oc-85">
         <name>.debug_info</name>
         <load_address>0x4197</load_address>
         <run_address>0x4197</run_address>
         <size>0x2c</size>
         <input_file_ref idref="fl-12b"/>
      </object_component>
      <object_component id="oc-4a">
         <name>.debug_info</name>
         <load_address>0x41c3</load_address>
         <run_address>0x41c3</run_address>
         <size>0x117</size>
         <input_file_ref idref="fl-12c"/>
      </object_component>
      <object_component id="oc-46">
         <name>.debug_info</name>
         <load_address>0x42da</load_address>
         <run_address>0x42da</run_address>
         <size>0x22a</size>
         <input_file_ref idref="fl-12c"/>
      </object_component>
      <object_component id="oc-1b">
         <name>.debug_info</name>
         <load_address>0x4504</load_address>
         <run_address>0x4504</run_address>
         <size>0x194</size>
         <input_file_ref idref="fl-12c"/>
      </object_component>
      <object_component id="oc-4b">
         <name>.debug_info</name>
         <load_address>0x4698</load_address>
         <run_address>0x4698</run_address>
         <size>0x39</size>
         <input_file_ref idref="fl-12c"/>
      </object_component>
      <object_component id="oc-8f">
         <name>.debug_info</name>
         <load_address>0x46d1</load_address>
         <run_address>0x46d1</run_address>
         <size>0x2c</size>
         <input_file_ref idref="fl-12c"/>
      </object_component>
      <object_component id="oc-5b">
         <name>.debug_info</name>
         <load_address>0x46fd</load_address>
         <run_address>0x46fd</run_address>
         <size>0x112</size>
         <input_file_ref idref="fl-12d"/>
      </object_component>
      <object_component id="oc-20">
         <name>.debug_info</name>
         <load_address>0x480f</load_address>
         <run_address>0x480f</run_address>
         <size>0x18d</size>
         <input_file_ref idref="fl-12d"/>
      </object_component>
      <object_component id="oc-56">
         <name>.debug_info</name>
         <load_address>0x499c</load_address>
         <run_address>0x499c</run_address>
         <size>0x46</size>
         <input_file_ref idref="fl-12d"/>
      </object_component>
      <object_component id="oc-1ba">
         <name>.debug_info</name>
         <load_address>0x49e2</load_address>
         <run_address>0x49e2</run_address>
         <size>0xf3</size>
         <input_file_ref idref="fl-12e"/>
      </object_component>
      <object_component id="oc-113">
         <name>.debug_info</name>
         <load_address>0x4ad5</load_address>
         <run_address>0x4ad5</run_address>
         <size>0xda</size>
         <input_file_ref idref="fl-12e"/>
      </object_component>
      <object_component id="oc-253">
         <name>.debug_info</name>
         <load_address>0x4baf</load_address>
         <run_address>0x4baf</run_address>
         <size>0xe4</size>
         <input_file_ref idref="fl-12e"/>
      </object_component>
      <object_component id="oc-1db">
         <name>.debug_info</name>
         <load_address>0x4c93</load_address>
         <run_address>0x4c93</run_address>
         <size>0x167</size>
         <input_file_ref idref="fl-12e"/>
      </object_component>
      <object_component id="oc-1bd">
         <name>.debug_info</name>
         <load_address>0x4dfa</load_address>
         <run_address>0x4dfa</run_address>
         <size>0xae</size>
         <input_file_ref idref="fl-12e"/>
      </object_component>
      <object_component id="oc-af">
         <name>.debug_info</name>
         <load_address>0x4ea8</load_address>
         <run_address>0x4ea8</run_address>
         <size>0x174</size>
         <input_file_ref idref="fl-12f"/>
      </object_component>
      <object_component id="oc-ac">
         <name>.debug_info</name>
         <load_address>0x501c</load_address>
         <run_address>0x501c</run_address>
         <size>0x119</size>
         <input_file_ref idref="fl-12f"/>
      </object_component>
      <object_component id="oc-6f">
         <name>.debug_info</name>
         <load_address>0x5135</load_address>
         <run_address>0x5135</run_address>
         <size>0x1f0</size>
         <input_file_ref idref="fl-12f"/>
      </object_component>
      <object_component id="oc-1df">
         <name>.debug_info</name>
         <load_address>0x5325</load_address>
         <run_address>0x5325</run_address>
         <size>0x21f</size>
         <input_file_ref idref="fl-130"/>
      </object_component>
      <object_component id="oc-124">
         <name>.debug_info</name>
         <load_address>0x5544</load_address>
         <run_address>0x5544</run_address>
         <size>0x438</size>
         <input_file_ref idref="fl-130"/>
      </object_component>
      <object_component id="oc-b5">
         <name>.debug_info</name>
         <load_address>0x597c</load_address>
         <run_address>0x597c</run_address>
         <size>0x2c</size>
         <input_file_ref idref="fl-130"/>
      </object_component>
      <object_component id="oc-d4">
         <name>.debug_info</name>
         <load_address>0x59a8</load_address>
         <run_address>0x59a8</run_address>
         <size>0x10b</size>
         <input_file_ref idref="fl-131"/>
      </object_component>
      <object_component id="oc-1d2">
         <name>.debug_info</name>
         <load_address>0x5ab3</load_address>
         <run_address>0x5ab3</run_address>
         <size>0x483</size>
         <input_file_ref idref="fl-132"/>
      </object_component>
      <object_component id="oc-1cf">
         <name>.debug_info</name>
         <load_address>0x5f36</load_address>
         <run_address>0x5f36</run_address>
         <size>0xf9</size>
         <input_file_ref idref="fl-132"/>
      </object_component>
      <object_component id="oc-120">
         <name>.debug_info</name>
         <load_address>0x602f</load_address>
         <run_address>0x602f</run_address>
         <size>0xaee</size>
         <input_file_ref idref="fl-132"/>
      </object_component>
      <object_component id="oc-24d">
         <name>.debug_info</name>
         <load_address>0x6b1d</load_address>
         <run_address>0x6b1d</run_address>
         <size>0x120</size>
         <input_file_ref idref="fl-132"/>
      </object_component>
      <object_component id="oc-1ae">
         <name>.debug_info</name>
         <load_address>0x6c3d</load_address>
         <run_address>0x6c3d</run_address>
         <size>0x2c</size>
         <input_file_ref idref="fl-132"/>
      </object_component>
      <object_component id="oc-3a">
         <name>.debug_info</name>
         <load_address>0x6c69</load_address>
         <run_address>0x6c69</run_address>
         <size>0xf8</size>
         <input_file_ref idref="fl-133"/>
      </object_component>
      <object_component id="oc-51">
         <name>.debug_info</name>
         <load_address>0x6d61</load_address>
         <run_address>0x6d61</run_address>
         <size>0x126</size>
         <input_file_ref idref="fl-134"/>
      </object_component>
      <object_component id="oc-5d">
         <name>.debug_info</name>
         <load_address>0x6e87</load_address>
         <run_address>0x6e87</run_address>
         <size>0x12b</size>
         <input_file_ref idref="fl-135"/>
      </object_component>
      <object_component id="oc-116">
         <name>.debug_info</name>
         <load_address>0x6fb2</load_address>
         <run_address>0x6fb2</run_address>
         <size>0x20f</size>
         <input_file_ref idref="fl-136"/>
      </object_component>
      <object_component id="oc-ce">
         <name>.debug_info</name>
         <load_address>0x71c1</load_address>
         <run_address>0x71c1</run_address>
         <size>0x267</size>
         <input_file_ref idref="fl-136"/>
      </object_component>
      <object_component id="oc-1e7">
         <name>.debug_info</name>
         <load_address>0x7428</load_address>
         <run_address>0x7428</run_address>
         <size>0x1a3</size>
         <input_file_ref idref="fl-137"/>
      </object_component>
      <object_component id="oc-12a">
         <name>.debug_info</name>
         <load_address>0x75cb</load_address>
         <run_address>0x75cb</run_address>
         <size>0x1e3</size>
         <input_file_ref idref="fl-137"/>
      </object_component>
      <object_component id="oc-1e8">
         <name>.debug_info</name>
         <load_address>0x77ae</load_address>
         <run_address>0x77ae</run_address>
         <size>0xbb</size>
         <input_file_ref idref="fl-137"/>
      </object_component>
      <object_component id="oc-75">
         <name>.debug_info</name>
         <load_address>0x7869</load_address>
         <run_address>0x7869</run_address>
         <size>0xec</size>
         <input_file_ref idref="fl-138"/>
      </object_component>
      <object_component id="oc-22c">
         <name>.debug_info</name>
         <load_address>0x7955</load_address>
         <run_address>0x7955</run_address>
         <size>0xd8</size>
         <input_file_ref idref="fl-139"/>
      </object_component>
      <object_component id="oc-192">
         <name>.debug_info</name>
         <load_address>0x7a2d</load_address>
         <run_address>0x7a2d</run_address>
         <size>0x1f7</size>
         <input_file_ref idref="fl-139"/>
      </object_component>
      <object_component id="oc-240">
         <name>.debug_info</name>
         <load_address>0x7c24</load_address>
         <run_address>0x7c24</run_address>
         <size>0xc8</size>
         <input_file_ref idref="fl-13a"/>
      </object_component>
      <object_component id="oc-1c3">
         <name>.debug_info</name>
         <load_address>0x7cec</load_address>
         <run_address>0x7cec</run_address>
         <size>0x20b</size>
         <input_file_ref idref="fl-13a"/>
      </object_component>
      <object_component id="oc-242">
         <name>.debug_info</name>
         <load_address>0x7ef7</load_address>
         <run_address>0x7ef7</run_address>
         <size>0xd9</size>
         <input_file_ref idref="fl-13b"/>
      </object_component>
      <object_component id="oc-1ca">
         <name>.debug_info</name>
         <load_address>0x7fd0</load_address>
         <run_address>0x7fd0</run_address>
         <size>0x20c</size>
         <input_file_ref idref="fl-13b"/>
      </object_component>
      <object_component id="oc-2a4">
         <name>.debug_info</name>
         <load_address>0x81dc</load_address>
         <run_address>0x81dc</run_address>
         <size>0x250</size>
         <input_file_ref idref="fl-13c"/>
      </object_component>
      <object_component id="oc-244">
         <name>.debug_info</name>
         <load_address>0x842c</load_address>
         <run_address>0x842c</run_address>
         <size>0xa10</size>
         <input_file_ref idref="fl-13c"/>
      </object_component>
      <object_component id="oc-2a7">
         <name>.debug_info</name>
         <load_address>0x8e3c</load_address>
         <run_address>0x8e3c</run_address>
         <size>0x39</size>
         <input_file_ref idref="fl-13c"/>
      </object_component>
      <object_component id="oc-2d3">
         <name>.debug_info</name>
         <load_address>0x8e75</load_address>
         <run_address>0x8e75</run_address>
         <size>0xf8</size>
         <input_file_ref idref="fl-13d"/>
      </object_component>
      <object_component id="oc-2d0">
         <name>.debug_info</name>
         <load_address>0x8f6d</load_address>
         <run_address>0x8f6d</run_address>
         <size>0xe0</size>
         <input_file_ref idref="fl-13d"/>
      </object_component>
      <object_component id="oc-298">
         <name>.debug_info</name>
         <load_address>0x904d</load_address>
         <run_address>0x904d</run_address>
         <size>0x264</size>
         <input_file_ref idref="fl-13d"/>
      </object_component>
      <object_component id="oc-f3">
         <name>.debug_info</name>
         <load_address>0x92b1</load_address>
         <run_address>0x92b1</run_address>
         <size>0x107</size>
         <input_file_ref idref="fl-13e"/>
      </object_component>
      <object_component id="oc-a9">
         <name>.debug_info</name>
         <load_address>0x93b8</load_address>
         <run_address>0x93b8</run_address>
         <size>0xf6</size>
         <input_file_ref idref="fl-13e"/>
      </object_component>
      <object_component id="oc-ec">
         <name>.debug_info</name>
         <load_address>0x94ae</load_address>
         <run_address>0x94ae</run_address>
         <size>0x202</size>
         <input_file_ref idref="fl-13e"/>
      </object_component>
      <object_component id="oc-1a8">
         <name>.debug_info</name>
         <load_address>0x96b0</load_address>
         <run_address>0x96b0</run_address>
         <size>0x3a9</size>
         <input_file_ref idref="fl-13f"/>
      </object_component>
      <object_component id="oc-10d">
         <name>.debug_info</name>
         <load_address>0x9a59</load_address>
         <run_address>0x9a59</run_address>
         <size>0x17ec</size>
         <input_file_ref idref="fl-13f"/>
      </object_component>
      <object_component id="oc-1a9">
         <name>.debug_info</name>
         <load_address>0xb245</load_address>
         <run_address>0xb245</run_address>
         <size>0x86</size>
         <input_file_ref idref="fl-13f"/>
      </object_component>
      <object_component id="oc-238">
         <name>.debug_info</name>
         <load_address>0xb2cb</load_address>
         <run_address>0xb2cb</run_address>
         <size>0x46</size>
         <input_file_ref idref="fl-13f"/>
      </object_component>
      <object_component id="oc-1b3">
         <name>.debug_info</name>
         <load_address>0xb311</load_address>
         <run_address>0xb311</run_address>
         <size>0x39</size>
         <input_file_ref idref="fl-13f"/>
      </object_component>
      <object_component id="oc-a7">
         <name>.debug_info</name>
         <load_address>0xb34a</load_address>
         <run_address>0xb34a</run_address>
         <size>0x149</size>
         <input_file_ref idref="fl-140"/>
      </object_component>
      <object_component id="oc-6b">
         <name>.debug_info</name>
         <load_address>0xb493</load_address>
         <run_address>0xb493</run_address>
         <size>0x14a</size>
         <input_file_ref idref="fl-140"/>
      </object_component>
      <object_component id="oc-e6">
         <name>.debug_info</name>
         <load_address>0xb5dd</load_address>
         <run_address>0xb5dd</run_address>
         <size>0x5e</size>
         <input_file_ref idref="fl-140"/>
      </object_component>
      <object_component id="oc-235">
         <name>.debug_info</name>
         <load_address>0xb63b</load_address>
         <run_address>0xb63b</run_address>
         <size>0xf7</size>
         <input_file_ref idref="fl-141"/>
      </object_component>
      <object_component id="oc-1a2">
         <name>.debug_info</name>
         <load_address>0xb732</load_address>
         <run_address>0xb732</run_address>
         <size>0x154</size>
         <input_file_ref idref="fl-141"/>
      </object_component>
      <object_component id="oc-9f">
         <name>.debug_info</name>
         <load_address>0xb886</load_address>
         <run_address>0xb886</run_address>
         <size>0x2a0</size>
         <input_file_ref idref="fl-142"/>
      </object_component>
      <object_component id="oc-63">
         <name>.debug_info</name>
         <load_address>0xbb26</load_address>
         <run_address>0xbb26</run_address>
         <size>0x15a</size>
         <input_file_ref idref="fl-142"/>
      </object_component>
      <object_component id="oc-c3">
         <name>.debug_info</name>
         <load_address>0xbc80</load_address>
         <run_address>0xbc80</run_address>
         <size>0x39</size>
         <input_file_ref idref="fl-142"/>
      </object_component>
      <object_component id="oc-c8">
         <name>.debug_info</name>
         <load_address>0xbcb9</load_address>
         <run_address>0xbcb9</run_address>
         <size>0xcd</size>
         <input_file_ref idref="fl-142"/>
      </object_component>
      <object_component id="oc-c0">
         <name>.debug_info</name>
         <load_address>0xbd86</load_address>
         <run_address>0xbd86</run_address>
         <size>0x1c3</size>
         <input_file_ref idref="fl-143"/>
      </object_component>
      <object_component id="oc-99">
         <name>.debug_info</name>
         <load_address>0xbf49</load_address>
         <run_address>0xbf49</run_address>
         <size>0x166</size>
         <input_file_ref idref="fl-143"/>
      </object_component>
      <object_component id="oc-fb">
         <name>.debug_info</name>
         <load_address>0xc0af</load_address>
         <run_address>0xc0af</run_address>
         <size>0x2c</size>
         <input_file_ref idref="fl-143"/>
      </object_component>
      <object_component id="oc-290">
         <name>.debug_info</name>
         <load_address>0xc0db</load_address>
         <run_address>0xc0db</run_address>
         <size>0xd1</size>
         <input_file_ref idref="fl-144"/>
      </object_component>
      <object_component id="oc-232">
         <name>.debug_info</name>
         <load_address>0xc1ac</load_address>
         <run_address>0xc1ac</run_address>
         <size>0xdd</size>
         <input_file_ref idref="fl-144"/>
      </object_component>
      <object_component id="oc-256">
         <name>.debug_info</name>
         <load_address>0xc289</load_address>
         <run_address>0xc289</run_address>
         <size>0x1e3</size>
         <input_file_ref idref="fl-145"/>
      </object_component>
      <object_component id="oc-1d5">
         <name>.debug_info</name>
         <load_address>0xc46c</load_address>
         <run_address>0xc46c</run_address>
         <size>0x27b</size>
         <input_file_ref idref="fl-145"/>
      </object_component>
      <object_component id="oc-181">
         <name>.debug_info</name>
         <load_address>0xc6e7</load_address>
         <run_address>0xc6e7</run_address>
         <size>0x12b</size>
         <input_file_ref idref="fl-146"/>
      </object_component>
      <object_component id="oc-15b">
         <name>.debug_info</name>
         <load_address>0xc812</load_address>
         <run_address>0xc812</run_address>
         <size>0x107</size>
         <input_file_ref idref="fl-147"/>
      </object_component>
      <object_component id="oc-16a">
         <name>.debug_info</name>
         <load_address>0xc919</load_address>
         <run_address>0xc919</run_address>
         <size>0x109</size>
         <input_file_ref idref="fl-147"/>
      </object_component>
      <object_component id="oc-165">
         <name>.debug_info</name>
         <load_address>0xca22</load_address>
         <run_address>0xca22</run_address>
         <size>0x119</size>
         <input_file_ref idref="fl-148"/>
      </object_component>
      <object_component id="oc-160">
         <name>.debug_info</name>
         <load_address>0xcb3b</load_address>
         <run_address>0xcb3b</run_address>
         <size>0x119</size>
         <input_file_ref idref="fl-149"/>
      </object_component>
      <object_component id="oc-16f">
         <name>.debug_info</name>
         <load_address>0xcc54</load_address>
         <run_address>0xcc54</run_address>
         <size>0x10d</size>
         <input_file_ref idref="fl-14a"/>
      </object_component>
      <object_component id="oc-202">
         <name>.debug_info</name>
         <load_address>0xcd61</load_address>
         <run_address>0xcd61</run_address>
         <size>0x185</size>
         <input_file_ref idref="fl-14b"/>
      </object_component>
      <object_component id="oc-140">
         <name>.debug_info</name>
         <load_address>0xcee6</load_address>
         <run_address>0xcee6</run_address>
         <size>0x23d</size>
         <input_file_ref idref="fl-14b"/>
      </object_component>
      <object_component id="oc-146">
         <name>.debug_info</name>
         <load_address>0xd123</load_address>
         <run_address>0xd123</run_address>
         <size>0x1c1</size>
         <input_file_ref idref="fl-14c"/>
      </object_component>
      <object_component id="oc-101">
         <name>.debug_info</name>
         <load_address>0xd2e4</load_address>
         <run_address>0xd2e4</run_address>
         <size>0x222</size>
         <input_file_ref idref="fl-14c"/>
      </object_component>
      <object_component id="oc-154">
         <name>.debug_info</name>
         <load_address>0xd506</load_address>
         <run_address>0xd506</run_address>
         <size>0x285</size>
         <input_file_ref idref="fl-14d"/>
      </object_component>
      <object_component id="oc-108">
         <name>.debug_info</name>
         <load_address>0xd78b</load_address>
         <run_address>0xd78b</run_address>
         <size>0x33c</size>
         <input_file_ref idref="fl-14d"/>
      </object_component>
      <object_component id="oc-21c">
         <name>.debug_info</name>
         <load_address>0xdac7</load_address>
         <run_address>0xdac7</run_address>
         <size>0x16f</size>
         <input_file_ref idref="fl-14e"/>
      </object_component>
      <object_component id="oc-184">
         <name>.debug_info</name>
         <load_address>0xdc36</load_address>
         <run_address>0xdc36</run_address>
         <size>0x170</size>
         <input_file_ref idref="fl-14e"/>
      </object_component>
      <object_component id="oc-17b">
         <name>.debug_info</name>
         <load_address>0xdda6</load_address>
         <run_address>0xdda6</run_address>
         <size>0x10b</size>
         <input_file_ref idref="fl-14f"/>
      </object_component>
      <object_component id="oc-22a">
         <name>.debug_info</name>
         <load_address>0xdeb1</load_address>
         <run_address>0xdeb1</run_address>
         <size>0x171</size>
         <input_file_ref idref="fl-150"/>
      </object_component>
      <object_component id="oc-18b">
         <name>.debug_info</name>
         <load_address>0xe022</load_address>
         <run_address>0xe022</run_address>
         <size>0x167</size>
         <input_file_ref idref="fl-150"/>
      </object_component>
      <object_component id="oc-212">
         <name>.debug_info</name>
         <load_address>0xe189</load_address>
         <run_address>0xe189</run_address>
         <size>0x12f</size>
         <input_file_ref idref="fl-151"/>
      </object_component>
      <object_component id="oc-174">
         <name>.debug_info</name>
         <load_address>0xe2b8</load_address>
         <run_address>0xe2b8</run_address>
         <size>0x1a5</size>
         <input_file_ref idref="fl-151"/>
      </object_component>
      <object_component id="oc-230">
         <name>.debug_info</name>
         <load_address>0xe45d</load_address>
         <run_address>0xe45d</run_address>
         <size>0xd4</size>
         <input_file_ref idref="fl-152"/>
      </object_component>
      <object_component id="oc-19c">
         <name>.debug_info</name>
         <load_address>0xe531</load_address>
         <run_address>0xe531</run_address>
         <size>0x18e</size>
         <input_file_ref idref="fl-152"/>
      </object_component>
      <object_component id="oc-208">
         <name>.debug_info</name>
         <load_address>0xe6bf</load_address>
         <run_address>0xe6bf</run_address>
         <size>0xe3</size>
         <input_file_ref idref="fl-153"/>
      </object_component>
      <object_component id="oc-14e">
         <name>.debug_info</name>
         <load_address>0xe7a2</load_address>
         <run_address>0xe7a2</run_address>
         <size>0x1f5</size>
         <input_file_ref idref="fl-153"/>
      </object_component>
      <object_component id="oc-7a">
         <name>.debug_info</name>
         <load_address>0xe997</load_address>
         <run_address>0xe997</run_address>
         <size>0x205</size>
         <input_file_ref idref="fl-154"/>
      </object_component>
      <object_component id="oc-2c">
         <name>.debug_info</name>
         <load_address>0xeb9c</load_address>
         <run_address>0xeb9c</run_address>
         <size>0xe4</size>
         <input_file_ref idref="fl-154"/>
      </object_component>
      <object_component id="oc-25c">
         <name>.debug_info</name>
         <load_address>0xec80</load_address>
         <run_address>0xec80</run_address>
         <size>0x12f</size>
         <input_file_ref idref="fl-154"/>
      </object_component>
      <object_component id="oc-1e1">
         <name>.debug_info</name>
         <load_address>0xedaf</load_address>
         <run_address>0xedaf</run_address>
         <size>0x86e</size>
         <input_file_ref idref="fl-154"/>
      </object_component>
      <object_component id="oc-ba">
         <name>.debug_info</name>
         <load_address>0xf61d</load_address>
         <run_address>0xf61d</run_address>
         <size>0x62</size>
         <input_file_ref idref="fl-154"/>
      </object_component>
      <object_component id="oc-2d5">
         <name>.debug_info</name>
         <load_address>0xf67f</load_address>
         <run_address>0xf67f</run_address>
         <size>0xd3</size>
         <input_file_ref idref="fl-156"/>
      </object_component>
      <object_component id="oc-29e">
         <name>.debug_info</name>
         <load_address>0xf752</load_address>
         <run_address>0xf752</run_address>
         <size>0x1e4</size>
         <input_file_ref idref="fl-156"/>
      </object_component>
      <object_component id="oc-206">
         <name>.debug_info</name>
         <load_address>0xf936</load_address>
         <run_address>0xf936</run_address>
         <size>0xcd</size>
         <input_file_ref idref="fl-157"/>
      </object_component>
      <object_component id="oc-148">
         <name>.debug_info</name>
         <load_address>0xfa03</load_address>
         <run_address>0xfa03</run_address>
         <size>0x1dd</size>
         <input_file_ref idref="fl-157"/>
      </object_component>
      <object_component id="oc-157">
         <name>.debug_info</name>
         <load_address>0xfbe0</load_address>
         <run_address>0xfbe0</run_address>
         <size>0x164</size>
         <input_file_ref idref="fl-158"/>
      </object_component>
      <object_component id="oc-22e">
         <name>.debug_info</name>
         <load_address>0xfd44</load_address>
         <run_address>0xfd44</run_address>
         <size>0x122</size>
         <input_file_ref idref="fl-159"/>
      </object_component>
      <object_component id="oc-196">
         <name>.debug_info</name>
         <load_address>0xfe66</load_address>
         <run_address>0xfe66</run_address>
         <size>0x13c</size>
         <input_file_ref idref="fl-159"/>
      </object_component>
      <object_component id="oc-27b">
         <name>.debug_info</name>
         <load_address>0xffa2</load_address>
         <run_address>0xffa2</run_address>
         <size>0x182</size>
         <input_file_ref idref="fl-15a"/>
      </object_component>
      <object_component id="oc-21f">
         <name>.debug_info</name>
         <load_address>0x10124</load_address>
         <run_address>0x10124</run_address>
         <size>0x194</size>
         <input_file_ref idref="fl-15a"/>
      </object_component>
      <object_component id="oc-2ba">
         <name>.debug_info</name>
         <load_address>0x102b8</load_address>
         <run_address>0x102b8</run_address>
         <size>0x86</size>
         <input_file_ref idref="fl-15a"/>
      </object_component>
      <object_component id="oc-274">
         <name>.debug_info</name>
         <load_address>0x1033e</load_address>
         <run_address>0x1033e</run_address>
         <size>0x16c</size>
         <input_file_ref idref="fl-15b"/>
      </object_component>
      <object_component id="oc-217">
         <name>.debug_info</name>
         <load_address>0x104aa</load_address>
         <run_address>0x104aa</run_address>
         <size>0x175</size>
         <input_file_ref idref="fl-15b"/>
      </object_component>
      <object_component id="oc-225">
         <name>.debug_info</name>
         <load_address>0x1061f</load_address>
         <run_address>0x1061f</run_address>
         <size>0x155</size>
         <input_file_ref idref="fl-15c"/>
      </object_component>
      <object_component id="oc-278">
         <name>.debug_info</name>
         <load_address>0x10774</load_address>
         <run_address>0x10774</run_address>
         <size>0x1b7</size>
         <input_file_ref idref="fl-15d"/>
      </object_component>
      <object_component id="oc-200">
         <name>.debug_info</name>
         <load_address>0x1092b</load_address>
         <run_address>0x1092b</run_address>
         <size>0x134</size>
         <input_file_ref idref="fl-15e"/>
      </object_component>
      <object_component id="oc-13b">
         <name>.debug_info</name>
         <load_address>0x10a5f</load_address>
         <run_address>0x10a5f</run_address>
         <size>0x213</size>
         <input_file_ref idref="fl-15e"/>
      </object_component>
      <object_component id="oc-283">
         <name>.debug_info</name>
         <load_address>0x10c72</load_address>
         <run_address>0x10c72</run_address>
         <size>0xd8</size>
         <input_file_ref idref="fl-15f"/>
      </object_component>
      <object_component id="oc-2e9">
         <name>.debug_info</name>
         <load_address>0x10d4a</load_address>
         <run_address>0x10d4a</run_address>
         <size>0x1af</size>
         <input_file_ref idref="fl-160"/>
      </object_component>
      <object_component id="oc-2c8">
         <name>.debug_info</name>
         <load_address>0x10ef9</load_address>
         <run_address>0x10ef9</run_address>
         <size>0x110</size>
         <input_file_ref idref="fl-160"/>
      </object_component>
      <object_component id="oc-27d">
         <name>.debug_info</name>
         <load_address>0x11009</load_address>
         <run_address>0x11009</run_address>
         <size>0x171</size>
         <input_file_ref idref="fl-160"/>
      </object_component>
      <object_component id="oc-2e4">
         <name>.debug_info</name>
         <load_address>0x1117a</load_address>
         <run_address>0x1117a</run_address>
         <size>0x6f</size>
         <input_file_ref idref="fl-160"/>
      </object_component>
      <object_component id="oc-262">
         <name>.debug_info</name>
         <load_address>0x111e9</load_address>
         <run_address>0x111e9</run_address>
         <size>0x162</size>
         <input_file_ref idref="fl-161"/>
      </object_component>
      <object_component id="oc-1fb">
         <name>.debug_info</name>
         <load_address>0x1134b</load_address>
         <run_address>0x1134b</run_address>
         <size>0x1c4</size>
         <input_file_ref idref="fl-161"/>
      </object_component>
      <object_component id="oc-2e1">
         <name>.debug_info</name>
         <load_address>0x1150f</load_address>
         <run_address>0x1150f</run_address>
         <size>0xff</size>
         <input_file_ref idref="fl-162"/>
      </object_component>
      <object_component id="oc-2c4">
         <name>.debug_info</name>
         <load_address>0x1160e</load_address>
         <run_address>0x1160e</run_address>
         <size>0x156</size>
         <input_file_ref idref="fl-162"/>
      </object_component>
      <object_component id="oc-2f8">
         <name>.debug_info</name>
         <load_address>0x11764</load_address>
         <run_address>0x11764</run_address>
         <size>0x2c</size>
         <input_file_ref idref="fl-162"/>
      </object_component>
      <object_component id="oc-2f5">
         <name>.debug_info</name>
         <load_address>0x11790</load_address>
         <run_address>0x11790</run_address>
         <size>0x11f</size>
         <input_file_ref idref="fl-163"/>
      </object_component>
      <object_component id="oc-2f2">
         <name>.debug_info</name>
         <load_address>0x118af</load_address>
         <run_address>0x118af</run_address>
         <size>0xdd</size>
         <input_file_ref idref="fl-163"/>
      </object_component>
      <object_component id="oc-2db">
         <name>.debug_info</name>
         <load_address>0x1198c</load_address>
         <run_address>0x1198c</run_address>
         <size>0x16c</size>
         <input_file_ref idref="fl-163"/>
      </object_component>
      <object_component id="oc-2b5">
         <name>.debug_info</name>
         <load_address>0x11af8</load_address>
         <run_address>0x11af8</run_address>
         <size>0x137</size>
         <input_file_ref idref="fl-164"/>
      </object_component>
      <object_component id="oc-26e">
         <name>.debug_info</name>
         <load_address>0x11c2f</load_address>
         <run_address>0x11c2f</run_address>
         <size>0x14f</size>
         <input_file_ref idref="fl-164"/>
      </object_component>
      <object_component id="oc-32a">
         <name>.debug_info</name>
         <load_address>0x11d7e</load_address>
         <run_address>0x11d7e</run_address>
         <size>0xac</size>
      </object_component>
      <object_component id="oc-1ee">
         <name>.debug_line</name>
         <load_address>0x0</load_address>
         <run_address>0x0</run_address>
         <size>0x9d</size>
         <input_file_ref idref="fl-2"/>
      </object_component>
      <object_component id="oc-dc">
         <name>.debug_line</name>
         <load_address>0x9d</load_address>
         <run_address>0x9d</run_address>
         <size>0x22b</size>
         <input_file_ref idref="fl-2"/>
      </object_component>
      <object_component id="oc-1f2">
         <name>.debug_line</name>
         <load_address>0x2c8</load_address>
         <run_address>0x2c8</run_address>
         <size>0x5f</size>
         <input_file_ref idref="fl-2"/>
      </object_component>
      <object_component id="oc-1f7">
         <name>.debug_line</name>
         <load_address>0x327</load_address>
         <run_address>0x327</run_address>
         <size>0x55</size>
         <input_file_ref idref="fl-2"/>
      </object_component>
      <object_component id="oc-82">
         <name>.debug_line</name>
         <load_address>0x37c</load_address>
         <run_address>0x37c</run_address>
         <size>0x20</size>
         <input_file_ref idref="fl-2"/>
      </object_component>
      <object_component id="oc-e2">
         <name>.debug_line</name>
         <load_address>0x39c</load_address>
         <run_address>0x39c</run_address>
         <size>0x60</size>
         <input_file_ref idref="fl-2"/>
      </object_component>
      <object_component id="oc-134">
         <name>.debug_line</name>
         <load_address>0x3fc</load_address>
         <run_address>0x3fc</run_address>
         <size>0x5e</size>
         <input_file_ref idref="fl-2"/>
      </object_component>
      <object_component id="oc-11a">
         <name>.debug_line</name>
         <load_address>0x45a</load_address>
         <run_address>0x45a</run_address>
         <size>0x60</size>
         <input_file_ref idref="fl-2"/>
      </object_component>
      <object_component id="oc-a4">
         <name>.debug_line</name>
         <load_address>0x4ba</load_address>
         <run_address>0x4ba</run_address>
         <size>0x8c</size>
         <input_file_ref idref="fl-3"/>
      </object_component>
      <object_component id="oc-7e">
         <name>.debug_line</name>
         <load_address>0x546</load_address>
         <run_address>0x546</run_address>
         <size>0x3b</size>
         <input_file_ref idref="fl-4"/>
      </object_component>
      <object_component id="oc-35">
         <name>.debug_line</name>
         <load_address>0x581</load_address>
         <run_address>0x581</run_address>
         <size>0x3b</size>
         <input_file_ref idref="fl-4"/>
      </object_component>
      <object_component id="oc-32">
         <name>.debug_line</name>
         <load_address>0x5bc</load_address>
         <run_address>0x5bc</run_address>
         <size>0x55a</size>
         <input_file_ref idref="fl-4"/>
      </object_component>
      <object_component id="oc-26">
         <name>.debug_line</name>
         <load_address>0xb16</load_address>
         <run_address>0xb16</run_address>
         <size>0x52</size>
         <input_file_ref idref="fl-12a"/>
      </object_component>
      <object_component id="oc-8b">
         <name>.debug_line</name>
         <load_address>0xb68</load_address>
         <run_address>0xb68</run_address>
         <size>0x72</size>
         <input_file_ref idref="fl-12b"/>
      </object_component>
      <object_component id="oc-17">
         <name>.debug_line</name>
         <load_address>0xbda</load_address>
         <run_address>0xbda</run_address>
         <size>0x55</size>
         <input_file_ref idref="fl-12b"/>
      </object_component>
      <object_component id="oc-40">
         <name>.debug_line</name>
         <load_address>0xc2f</load_address>
         <run_address>0xc2f</run_address>
         <size>0x3a</size>
         <input_file_ref idref="fl-12b"/>
      </object_component>
      <object_component id="oc-88">
         <name>.debug_line</name>
         <load_address>0xc69</load_address>
         <run_address>0xc69</run_address>
         <size>0x72</size>
         <input_file_ref idref="fl-12b"/>
      </object_component>
      <object_component id="oc-8e">
         <name>.debug_line</name>
         <load_address>0xcdb</load_address>
         <run_address>0xcdb</run_address>
         <size>0x72</size>
         <input_file_ref idref="fl-12c"/>
      </object_component>
      <object_component id="oc-44">
         <name>.debug_line</name>
         <load_address>0xd4d</load_address>
         <run_address>0xd4d</run_address>
         <size>0x98</size>
         <input_file_ref idref="fl-12c"/>
      </object_component>
      <object_component id="oc-1a">
         <name>.debug_line</name>
         <load_address>0xde5</load_address>
         <run_address>0xde5</run_address>
         <size>0x4b</size>
         <input_file_ref idref="fl-12c"/>
      </object_component>
      <object_component id="oc-4e">
         <name>.debug_line</name>
         <load_address>0xe30</load_address>
         <run_address>0xe30</run_address>
         <size>0x39</size>
         <input_file_ref idref="fl-12c"/>
      </object_component>
      <object_component id="oc-92">
         <name>.debug_line</name>
         <load_address>0xe69</load_address>
         <run_address>0xe69</run_address>
         <size>0x72</size>
         <input_file_ref idref="fl-12c"/>
      </object_component>
      <object_component id="oc-96">
         <name>.debug_line</name>
         <load_address>0xedb</load_address>
         <run_address>0xedb</run_address>
         <size>0x72</size>
         <input_file_ref idref="fl-12d"/>
      </object_component>
      <object_component id="oc-23">
         <name>.debug_line</name>
         <load_address>0xf4d</load_address>
         <run_address>0xf4d</run_address>
         <size>0x4f</size>
         <input_file_ref idref="fl-12d"/>
      </object_component>
      <object_component id="oc-59">
         <name>.debug_line</name>
         <load_address>0xf9c</load_address>
         <run_address>0xf9c</run_address>
         <size>0x34</size>
         <input_file_ref idref="fl-12d"/>
      </object_component>
      <object_component id="oc-23e">
         <name>.debug_line</name>
         <load_address>0xfd0</load_address>
         <run_address>0xfd0</run_address>
         <size>0x20</size>
         <input_file_ref idref="fl-12e"/>
      </object_component>
      <object_component id="oc-1b9">
         <name>.debug_line</name>
         <load_address>0xff0</load_address>
         <run_address>0xff0</run_address>
         <size>0x2a</size>
         <input_file_ref idref="fl-12e"/>
      </object_component>
      <object_component id="oc-2ad">
         <name>.debug_line</name>
         <load_address>0x101a</load_address>
         <run_address>0x101a</run_address>
         <size>0x2a</size>
         <input_file_ref idref="fl-12e"/>
      </object_component>
[...]
      <symbol id="sm-17f">
         <name>__TI_decompress_none</name>
         <value>0x3741</value>
         <object_component_ref idref="oc-13"/>
      </symbol>
      <symbol id="sm-1a7">
         <name>__TI_decompress_rle24</name>
         <value>0x375b</value>
         <object_component_ref idref="oc-19"/>
      </symbol>
      <symbol id="sm-1b9">
         <name>__TI_zero_init</name>
         <value>0x374f</value>
         <object_component_ref idref="oc-1f"/>
      </symbol>
      <symbol id="sm-1d7">
         <name>__aeabi_stdout</name>
         <value>0x200006f8</value>
         <object_component_ref idref="oc-1da"/>
      </symbol>
      <symbol id="sm-1d8">
         <name>__TI_tmpnams</name>
         <value>0x20000850</value>
         <object_component_ref idref="oc-252"/>
      </symbol>
      <symbol id="sm-1d9">
         <name>__aeabi_stderr</name>
         <value>0x200006fc</value>
         <object_component_ref idref="oc-1da"/>
      </symbol>
      <symbol id="sm-1da">
         <name>__aeabi_stdin</name>
         <value>0x200006f4</value>
         <object_component_ref idref="oc-1da"/>
      </symbol>
      <symbol id="sm-1db">
         <name>_ftable</name>
         <value>0x20000400</value>
         <object_component_ref idref="oc-112"/>
      </symbol>
      <symbol id="sm-1dc">
         <name>__TI_ft_end</name>
         <value>0x200006f0</value>
         <object_component_ref idref="oc-1da"/>
      </symbol>
      <symbol id="sm-1fb">
         <name>C$$EXIT</name>
         <value>0x3479</value>
         <object_component_ref idref="oc-6e"/>
      </symbol>
      <symbol id="sm-1fc">
         <name>abort</name>
         <value>0x347d</value>
         <object_component_ref idref="oc-6e"/>
      </symbol>
      <symbol id="sm-1fd">
         <name>exit</name>
         <value>0x3485</value>
         <object_component_ref idref="oc-6e"/>
      </symbol>
      <symbol id="sm-1fe">
         <name>__TI_dtors_ptr</name>
         <value>0x20000718</value>
         <object_component_ref idref="oc-ab"/>
      </symbol>
      <symbol id="sm-1ff">
         <name>__TI_cleanup_ptr</name>
         <value>0x20000714</value>
         <object_component_ref idref="oc-ab"/>
      </symbol>
      <symbol id="sm-236">
         <name>__TI_cleanup</name>
         <value>0x209d</value>
         <object_component_ref idref="oc-123"/>
      </symbol>
      <symbol id="sm-237">
         <name>freopen</name>
         <value>0x20c9</value>
         <object_component_ref idref="oc-123"/>
      </symbol>
      <symbol id="sm-238">
         <name>fopen</name>
         <value>0x20f3</value>
         <object_component_ref idref="oc-123"/>
      </symbol>
      <symbol id="sm-246">
         <name>__aeabi_f2d</name>
         <value>0x34fd</value>
         <object_component_ref idref="oc-d3"/>
      </symbol>
      <symbol id="sm-298">
         <name>open</name>
         <value>0x171b</value>
         <object_component_ref idref="oc-11d"/>
      </symbol>
      <symbol id="sm-299">
         <name>add_device</name>
         <value>0x183d</value>
         <object_component_ref idref="oc-11d"/>
      </symbol>
      <symbol id="sm-29a">
         <name>remove_device</name>
         <value>0x16cf</value>
         <object_component_ref idref="oc-11d"/>
      </symbol>
      <symbol id="sm-29b">
         <name>lseek</name>
         <value>0x17c9</value>
         <object_component_ref idref="oc-11d"/>
      </symbol>
      <symbol id="sm-29c">
         <name>read</name>
         <value>0x16f7</value>
         <object_component_ref idref="oc-11d"/>
      </symbol>
      <symbol id="sm-29d">
         <name>rename</name>
         <value>0x1691</value>
         <object_component_ref idref="oc-11d"/>
      </symbol>
      <symbol id="sm-29e">
         <name>write</name>
         <value>0x15dd</value>
         <object_component_ref idref="oc-11d"/>
      </symbol>
      <symbol id="sm-29f">
         <name>close</name>
         <value>0x17ed</value>
         <object_component_ref idref="oc-11d"/>
      </symbol>
      <symbol id="sm-2a0">
         <name>unlink</name>
         <value>0x166d</value>
         <object_component_ref idref="oc-11d"/>
      </symbol>
      <symbol id="sm-2bb">
         <name>memcpy</name>
         <value>0x2c33</value>
         <object_component_ref idref="oc-37"/>
      </symbol>
      <symbol id="sm-2bc">
         <name>__aeabi_memcpy</name>
         <value>0x2c33</value>
         <object_component_ref idref="oc-37"/>
      </symbol>
      <symbol id="sm-2bd">
         <name>__aeabi_memcpy8</name>
         <value>0x2c33</value>
         <object_component_ref idref="oc-37"/>
      </symbol>
      <symbol id="sm-2be">
         <name>__aeabi_memcpy4</name>
         <value>0x2c33</value>
         <object_component_ref idref="oc-37"/>
      </symbol>
      <symbol id="sm-2cd">
         <name>__aeabi_memset</name>
         <value>0x2fab</value>
         <object_component_ref idref="oc-50"/>
      </symbol>
      <symbol id="sm-2ce">
         <name>memset</name>
         <value>0x2fb1</value>
         <object_component_ref idref="oc-50"/>
      </symbol>
      <symbol id="sm-2cf">
         <name>__aeabi_memset8</name>
         <value>0x2fab</value>
         <object_component_ref idref="oc-50"/>
      </symbol>
      <symbol id="sm-2d0">
         <name>__aeabi_memset4</name>
         <value>0x2fab</value>
         <object_component_ref idref="oc-50"/>
      </symbol>
      <symbol id="sm-2d1">
         <name>__aeabi_memclr8</name>
         <value>0x2fa9</value>
         <object_component_ref idref="oc-50"/>
      </symbol>
      <symbol id="sm-2d2">
         <name>__aeabi_memclr4</name>
         <value>0x2fa9</value>
         <object_component_ref idref="oc-50"/>
      </symbol>
      <symbol id="sm-2d3">
         <name>__aeabi_memclr</name>
         <value>0x2fa9</value>
         <object_component_ref idref="oc-50"/>
      </symbol>
      <symbol id="sm-2dd">
         <name>_system_pre_init</name>
         <value>0x3761</value>
         <object_component_ref idref="oc-5c"/>
      </symbol>
      <symbol id="sm-2f6">
         <name>printf</name>
         <value>0x302d</value>
         <object_component_ref idref="oc-cd"/>
      </symbol>
      <symbol id="sm-317">
         <name>setvbuf</name>
         <value>0x2925</value>
         <object_component_ref idref="oc-129"/>
      </symbol>
      <symbol id="sm-31f">
         <name>main_func_sp</name>
         <value>0x2000072c</value>
         <object_component_ref idref="oc-74"/>
      </symbol>
      <symbol id="sm-32f">
         <name>strchr</name>
         <value>0x36ed</value>
         <object_component_ref idref="oc-18f"/>
      </symbol>
      <symbol id="sm-33e">
         <name>strcmp</name>
         <value>0x36d5</value>
         <object_component_ref idref="oc-1c2"/>
      </symbol>
      <symbol id="sm-34e">
         <name>strncpy</name>
         <value>0x3569</value>
         <object_component_ref idref="oc-1c8"/>
      </symbol>
      <symbol id="sm-36f">
         <name>HOSTgetenv</name>
         <value>0x1aff</value>
         <object_component_ref idref="oc-243"/>
      </symbol>
      <symbol id="sm-370">
         <name>HOSTrename</name>
         <value>0x19a7</value>
         <object_component_ref idref="oc-243"/>
      </symbol>
      <symbol id="sm-371">
         <name>HOSTclose</name>
         <value>0x1b3d</value>
         <object_component_ref idref="oc-243"/>
      </symbol>
      <symbol id="sm-372">
         <name>HOSTunlink</name>
         <value>0x1935</value>
         <object_component_ref idref="oc-243"/>
      </symbol>
      <symbol id="sm-373">
         <name>HOSTlseek</name>
         <value>0x1aa3</value>
         <object_component_ref idref="oc-243"/>
      </symbol>
      <symbol id="sm-374">
         <name>HOSTopen</name>
         <value>0x1a51</value>
         <object_component_ref idref="oc-243"/>
      </symbol>
      <symbol id="sm-375">
         <name>HOSTclock</name>
         <value>0x1b75</value>
         <object_component_ref idref="oc-243"/>
      </symbol>
      <symbol id="sm-376">
         <name>HOSTwrite</name>
         <value>0x18e9</value>
         <object_component_ref idref="oc-243"/>
      </symbol>
      <symbol id="sm-377">
         <name>HOSTread</name>
         <value>0x1a05</value>
         <object_component_ref idref="oc-243"/>
      </symbol>
      <symbol id="sm-378">
         <name>HOSTtime</name>
         <value>0x196d</value>
         <object_component_ref idref="oc-243"/>
      </symbol>
      <symbol id="sm-393">
         <name>__TI_readmsg</name>
         <value>0x319f</value>
         <object_component_ref idref="oc-297"/>
      </symbol>
      <symbol id="sm-394">
         <name>C$$IO$$</name>
         <value>0x319b</value>
         <object_component_ref idref="oc-297"/>
      </symbol>
      <symbol id="sm-395">
         <name>__CIOBUF_</name>
         <value>0x20000730</value>
         <object_component_ref idref="oc-2cf"/>
      </symbol>
      <symbol id="sm-396">
         <name>__TI_writemsg</name>
         <value>0x316d</value>
         <object_component_ref idref="oc-297"/>
      </symbol>
      <symbol id="sm-3af">
         <name>_nop</name>
         <value>0x3713</value>
         <object_component_ref idref="oc-eb"/>
      </symbol>
      <symbol id="sm-3b0">
         <name>_lock</name>
         <value>0x2000070c</value>
         <object_component_ref idref="oc-a8"/>
      </symbol>
      <symbol id="sm-3b1">
         <name>_unlock</name>
         <value>0x20000710</value>
         <object_component_ref idref="oc-a8"/>
      </symbol>
      <symbol id="sm-3b2">
         <name>_register_lock</name>
         <value>0x370b</value>
         <object_component_ref idref="oc-eb"/>
      </symbol>
      <symbol id="sm-3b3">
         <name>_register_unlock</name>
         <value>0x3705</value>
         <object_component_ref idref="oc-eb"/>
      </symbol>
      <symbol id="sm-4b8">
         <name>__TI_printfi</name>
         <value>0xef9</value>
         <object_component_ref idref="oc-10c"/>
      </symbol>
      <symbol id="sm-4cd">
         <name>_args_main</name>
         <value>0x36bd</value>
         <object_component_ref idref="oc-68"/>
      </symbol>
      <symbol id="sm-4e3">
         <name>atoi</name>
         <value>0x3399</value>
         <object_component_ref idref="oc-1a1"/>
      </symbol>
      <symbol id="sm-509">
         <name>__TI_auto_init</name>
         <value>0x3095</value>
         <object_component_ref idref="oc-62"/>
      </symbol>
      <symbol id="sm-523">
         <name>copy_in</name>
         <value>0x33e5</value>
         <object_component_ref idref="oc-98"/>
      </symbol>
      <symbol id="sm-52e">
         <name>_ctypes_</name>
         <value>0x3764</value>
         <object_component_ref idref="oc-231"/>
      </symbol>
      <symbol id="sm-544">
         <name>__TI_closefile</name>
         <value>0x2d6d</value>
         <object_component_ref idref="oc-1d4"/>
      </symbol>
      <symbol id="sm-545">
         <name>fclose</name>
         <value>0x2dd3</value>
         <object_component_ref idref="oc-1d4"/>
      </symbol>
      <symbol id="sm-569">
         <name>__aeabi_dsub</name>
         <value>0x2199</value>
         <object_component_ref idref="oc-17e"/>
      </symbol>
      <symbol id="sm-56a">
         <name>__aeabi_dadd</name>
         <value>0x21a3</value>
         <object_component_ref idref="oc-17e"/>
      </symbol>
      <symbol id="sm-591">
         <name>__aeabi_cdcmpeq</name>
         <value>0x2e9d</value>
         <object_component_ref idref="oc-15a"/>
      </symbol>
      <symbol id="sm-592">
         <name>__aeabi_cdcmple</name>
         <value>0x2e9d</value>
         <object_component_ref idref="oc-15a"/>
      </symbol>
      <symbol id="sm-593">
         <name>__aeabi_cdrcmple</name>
         <value>0x2f23</value>
         <object_component_ref idref="oc-169"/>
      </symbol>
      <symbol id="sm-5b3">
         <name>__aeabi_ddiv</name>
         <value>0x24ad</value>
         <object_component_ref idref="oc-164"/>
      </symbol>
      <symbol id="sm-5ca">
         <name>__aeabi_dmul</name>
         <value>0x2829</value>
         <object_component_ref idref="oc-15f"/>
      </symbol>
      <symbol id="sm-5d8">
         <name>__aeabi_d2iz</name>
         <value>0x3431</value>
         <object_component_ref idref="oc-16e"/>
      </symbol>
      <symbol id="sm-5f2">
         <name>__TI_doflush</name>
         <value>0x2a01</value>
         <object_component_ref idref="oc-13f"/>
      </symbol>
      <symbol id="sm-5f3">
         <name>fflush</name>
         <value>0x2a4d</value>
         <object_component_ref idref="oc-13f"/>
      </symbol>
      <symbol id="sm-60a">
         <name>putc</name>
         <value>0x2e05</value>
         <object_component_ref idref="oc-100"/>
      </symbol>
      <symbol id="sm-60b">
         <name>fputc</name>
         <value>0x2e05</value>
         <object_component_ref idref="oc-100"/>
      </symbol>
      <symbol id="sm-60c">
         <name>putchar</name>
         <value>0x2e89</value>
         <object_component_ref idref="oc-100"/>
      </symbol>
      <symbol id="sm-62e">
         <name>puts</name>
         <value>0x26f1</value>
         <object_component_ref idref="oc-106"/>
      </symbol>
      <symbol id="sm-62f">
         <name>fputs</name>
         <value>0x25e5</value>
         <object_component_ref idref="oc-106"/>
      </symbol>
      <symbol id="sm-63c">
         <name>frexp</name>
         <value>0x3655</value>
         <object_component_ref idref="oc-183"/>
      </symbol>
      <symbol id="sm-648">
         <name>__aeabi_i2d</name>
         <value>0x35f9</value>
         <object_component_ref idref="oc-179"/>
      </symbol>
      <symbol id="sm-659">
         <name>ldexp</name>
         <value>0x32f7</value>
         <object_component_ref idref="oc-189"/>
      </symbol>
      <symbol id="sm-668">
         <name>ltoa</name>
         <value>0x32a1</value>
         <object_component_ref idref="oc-173"/>
      </symbol>
      <symbol id="sm-678">
         <name>memccpy</name>
         <value>0x369f</value>
         <object_component_ref idref="oc-19b"/>
      </symbol>
      <symbol id="sm-688">
         <name>memchr</name>
         <value>0x367f</value>
         <object_component_ref idref="oc-14d"/>
      </symbol>
      <symbol id="sm-6fa">
         <name>_sys_memory</name>
         <value>0x20000000</value>
         <object_component_ref idref="oc-2b"/>
      </symbol>
      <symbol id="sm-6fb">
         <name>free</name>
         <value>0x12f7</value>
         <object_component_ref idref="oc-1e0"/>
      </symbol>
      <symbol id="sm-6fc">
         <name>realloc</name>
         <value>0x13b9</value>
         <object_component_ref idref="oc-1e0"/>
      </symbol>
      <symbol id="sm-6fd">
         <name>memalign</name>
         <value>0x14c5</value>
         <object_component_ref idref="oc-1e0"/>
      </symbol>
      <symbol id="sm-6fe">
         <name>calloc</name>
         <value>0x15a9</value>
         <object_component_ref idref="oc-1e0"/>
      </symbol>
      <symbol id="sm-6ff">
         <name>malloc</name>
         <value>0x128f</value>
         <object_component_ref idref="oc-1e0"/>
      </symbol>
      <symbol id="sm-700">
         <name>minit</name>
         <value>0x1201</value>
         <object_component_ref idref="oc-1e0"/>
      </symbol>
      <symbol id="sm-70f">
         <name>strcpy</name>
         <value>0x3719</value>
         <object_component_ref idref="oc-29d"/>
      </symbol>
      <symbol id="sm-71d">
         <name>strlen</name>
         <value>0x372d</value>
         <object_component_ref idref="oc-147"/>
      </symbol>
      <symbol id="sm-747">
         <name>__aeabi_uldivmod</name>
         <value>0x1de1</value>
         <object_component_ref idref="oc-155"/>
      </symbol>
      <symbol id="sm-755">
         <name>_Dclass</name>
         <value>0x3599</value>
         <object_component_ref idref="oc-195"/>
      </symbol>
      <symbol id="sm-776">
         <name>_Dscale</name>
         <value>0x2719</value>
         <object_component_ref idref="oc-21d"/>
      </symbol>
      <symbol id="sm-78a">
         <name>_Dunscale</name>
         <value>0x31d5</value>
         <object_component_ref idref="oc-215"/>
      </symbol>
      <symbol id="sm-799">
         <name>_Feraise</name>
         <value>0x35c9</value>
         <object_component_ref idref="oc-223"/>
      </symbol>
      <symbol id="sm-7a9">
         <name>_Rteps</name>
         <value>0x200006d0</value>
         <object_component_ref idref="oc-277"/>
      </symbol>
      <symbol id="sm-7aa">
         <name>_Zero</name>
         <value>0x200006e8</value>
         <object_component_ref idref="oc-277"/>
      </symbol>
      <symbol id="sm-7ab">
         <name>_Hugeval</name>
         <value>0x20000690</value>
         <object_component_ref idref="oc-277"/>
      </symbol>
      <symbol id="sm-7ac">
         <name>_Snan</name>
         <value>0x200006c0</value>
         <object_component_ref idref="oc-277"/>
      </symbol>
      <symbol id="sm-7ad">
         <name>_Nan</name>
         <value>0x200006b0</value>
         <object_component_ref idref="oc-277"/>
      </symbol>
      <symbol id="sm-7ae">
         <name>_Inf</name>
         <value>0x200006a0</value>
         <object_component_ref idref="oc-277"/>
      </symbol>
      <symbol id="sm-7af">
         <name>_Xbig</name>
         <value>0x200006e0</value>
         <object_component_ref idref="oc-277"/>
      </symbol>
      <symbol id="sm-7b0">
         <name>_Eps</name>
         <value>0x20000680</value>
         <object_component_ref idref="oc-277"/>
      </symbol>
      <symbol id="sm-7b1">
         <name>_Denorm</name>
         <value>0x20000670</value>
         <object_component_ref idref="oc-277"/>
      </symbol>
      <symbol id="sm-7ca">
         <name>__TI_wrt_ok</name>
         <value>0x2b87</value>
         <object_component_ref idref="oc-139"/>
      </symbol>
      <symbol id="sm-7cb">
         <name>__TI_rd_ok</name>
         <value>0x2be9</value>
         <object_component_ref idref="oc-139"/>
      </symbol>
      <symbol id="sm-7d3">
         <name>_Errno</name>
         <value>0x20000724</value>
         <object_component_ref idref="oc-282"/>
      </symbol>
      <symbol id="sm-7f1">
         <name>feraiseexcept</name>
         <value>0x3535</value>
         <object_component_ref idref="oc-27c"/>
      </symbol>
      <symbol id="sm-7f2">
         <name>_Tls_setup__Fenv</name>
         <value>0x20000720</value>
         <object_component_ref idref="oc-2c7"/>
      </symbol>
      <symbol id="sm-7f3">
         <name>_Fenv</name>
         <value>0x2000071c</value>
         <object_component_ref idref="oc-2c7"/>
      </symbol>
      <symbol id="sm-805">
         <name>fseek</name>
         <value>0x323d</value>
         <object_component_ref idref="oc-1f9"/>
      </symbol>
      <symbol id="sm-819">
         <name>raise</name>
         <value>0x3627</value>
         <object_component_ref idref="oc-2c1"/>
      </symbol>
      <symbol id="sm-833">
         <name>signal</name>
         <value>0x34bd</value>
         <object_component_ref idref="oc-2da"/>
      </symbol>
      <symbol id="sm-848">
         <name>_Dnorm</name>
         <value>0x2ac9</value>
         <object_component_ref idref="oc-26d"/>
      </symbol>
      <symbol id="sm-849">
         <name>__TI_static_base__</name>
         <value>0x0</value>
      </symbol>
      <symbol id="sm-84c">
         <name>SHT$$INIT_ARRAY$$Limit</name>
         <value>0x0</value>
      </symbol>
      <symbol id="sm-84d">
         <name>SHT$$INIT_ARRAY$$Base</name>
         <value>0x0</value>
      </symbol>
      <symbol id="sm-84e">
         <name>remove</name>
         <value>0x166d</value>
      </symbol>
   </symbol_table>
   <title>Link successful</title>
</link_info>
